Archive member included to satisfy reference by file (symbol)

c:/ac6/systemworkbench/plugins/fr.ac6.mcu.externaltools.arm-none.win32_1.16.0.201807130628/tools/compiler/bin/../lib/gcc/arm-none-eabi/7.2.1/thumb/v7e-m/fpv4-sp/hard\libgcc.a(_aeabi_uldivmod.o)
                              Drivers/STM32F4xx_HAL_Driver/Src/stm32f4xx_hal_rcc.o (__aeabi_uldivmod)
c:/ac6/systemworkbench/plugins/fr.ac6.mcu.externaltools.arm-none.win32_1.16.0.201807130628/tools/compiler/bin/../lib/gcc/arm-none-eabi/7.2.1/thumb/v7e-m/fpv4-sp/hard\libgcc.a(_udivmoddi4.o)
                              c:/ac6/systemworkbench/plugins/fr.ac6.mcu.externaltools.arm-none.win32_1.16.0.201807130628/tools/compiler/bin/../lib/gcc/arm-none-eabi/7.2.1/thumb/v7e-m/fpv4-sp/hard\libgcc.a(_aeabi_uldivmod.o) (__udivmoddi4)
c:/ac6/systemworkbench/plugins/fr.ac6.mcu.externaltools.arm-none.win32_1.16.0.201807130628/tools/compiler/bin/../lib/gcc/arm-none-eabi/7.2.1/thumb/v7e-m/fpv4-sp/hard\libgcc.a(_dvmd_tls.o)
                              c:/ac6/systemworkbench/plugins/fr.ac6.mcu.externaltools.arm-none.win32_1.16.0.201807130628/tools/compiler/bin/../lib/gcc/arm-none-eabi/7.2.1/thumb/v7e-m/fpv4-sp/hard\libgcc.a(_aeabi_uldivmod.o) (__aeabi_ldiv0)
c:/ac6/systemworkbench/plugins/fr.ac6.mcu.externaltools.arm-none.win32_1.16.0.201807130628/tools/compiler/bin/../lib/gcc/arm-none-eabi/7.2.1/../../../../arm-none-eabi/lib/thumb/v7e-m/fpv4-sp/hard\libc_nano.a(lib_a-exit.o)
                              c:/ac6/systemworkbench/plugins/fr.ac6.mcu.externaltools.arm-none.win32_1.16.0.201807130628/tools/compiler/bin/../lib/gcc/arm-none-eabi/7.2.1/../../../../arm-none-eabi/lib/thumb/v7e-m/fpv4-sp/hard/crt0.o (exit)
c:/ac6/systemworkbench/plugins/fr.ac6.mcu.externaltools.arm-none.win32_1.16.0.201807130628/tools/compiler/bin/../lib/gcc/arm-none-eabi/7.2.1/../../../../arm-none-eabi/lib/thumb/v7e-m/fpv4-sp/hard\libc_nano.a(lib_a-impure.o)
                              c:/ac6/systemworkbench/plugins/fr.ac6.mcu.externaltools.arm-none.win32_1.16.0.201807130628/tools/compiler/bin/../lib/gcc/arm-none-eabi/7.2.1/../../../../arm-none-eabi/lib/thumb/v7e-m/fpv4-sp/hard\libc_nano.a(lib_a-exit.o) (_global_impure_ptr)
c:/ac6/systemworkbench/plugins/fr.ac6.mcu.externaltools.arm-none.win32_1.16.0.201807130628/tools/compiler/bin/../lib/gcc/arm-none-eabi/7.2.1/../../../../arm-none-eabi/lib/thumb/v7e-m/fpv4-sp/hard\libc_nano.a(lib_a-init.o)
                              c:/ac6/systemworkbench/plugins/fr.ac6.mcu.externaltools.arm-none.win32_1.16.0.201807130628/tools/compiler/bin/../lib/gcc/arm-none-eabi/7.2.1/../../../../arm-none-eabi/lib/thumb/v7e-m/fpv4-sp/hard/crt0.o (__libc_init_array)
c:/ac6/systemworkbench/plugins/fr.ac6.mcu.externaltools.arm-none.win32_1.16.0.201807130628/tools/compiler/bin/../lib/gcc/arm-none-eabi/7.2.1/../../../../arm-none-eabi/lib/thumb/v7e-m/fpv4-sp/hard\libc_nano.a(lib_a-memset.o)
                              c:/ac6/systemworkbench/plugins/fr.ac6.mcu.externaltools.arm-none.win32_1.16.0.201807130628/tools/compiler/bin/../lib/gcc/arm-none-eabi/7.2.1/../../../../arm-none-eabi/lib/thumb/v7e-m/fpv4-sp/hard/crt0.o (memset)
c:/ac6/systemworkbench/plugins/fr.ac6.mcu.externaltools.arm-none.win32_1.16.0.201807130628/tools/compiler/bin/../lib/gcc/arm-none-eabi/7.2.1/../../../../arm-none-eabi/lib/thumb/v7e-m/fpv4-sp/hard\libnosys.a(_exit.o)
                              c:/ac6/systemworkbench/plugins/fr.ac6.mcu.externaltools.arm-none.win32_1.16.0.201807130628/tools/compiler/bin/../lib/gcc/arm-none-eabi/7.2.1/../../../../arm-none-eabi/lib/thumb/v7e-m/fpv4-sp/hard\libc_nano.a(lib_a-exit.o) (_exit)

Allocating common symbols
Common symbol       size              file

hcrc                0x8               Src/main.o
uwTick              0x4               Drivers/STM32F4xx_HAL_Driver/Src/stm32f4xx_hal.o
pFlash              0x20              Drivers/STM32F4xx_HAL_Driver/Src/stm32f4xx_hal_flash.o
huart1              0x40              Src/main.o
huart2              0x40              Src/main.o
bl_rx_buffer        0xc8              Src/main.o

Discarded input sections

 .text          0x00000000        0x0 c:/ac6/systemworkbench/plugins/fr.ac6.mcu.externaltools.arm-none.win32_1.16.0.201807130628/tools/compiler/bin/../lib/gcc/arm-none-eabi/7.2.1/thumb/v7e-m/fpv4-sp/hard/crti.o
 .data          0x00000000        0x0 c:/ac6/systemworkbench/plugins/fr.ac6.mcu.externaltools.arm-none.win32_1.16.0.201807130628/tools/compiler/bin/../lib/gcc/arm-none-eabi/7.2.1/thumb/v7e-m/fpv4-sp/hard/crti.o
 .bss           0x00000000        0x0 c:/ac6/systemworkbench/plugins/fr.ac6.mcu.externaltools.arm-none.win32_1.16.0.201807130628/tools/compiler/bin/../lib/gcc/arm-none-eabi/7.2.1/thumb/v7e-m/fpv4-sp/hard/crti.o
 .data          0x00000000        0x4 c:/ac6/systemworkbench/plugins/fr.ac6.mcu.externaltools.arm-none.win32_1.16.0.201807130628/tools/compiler/bin/../lib/gcc/arm-none-eabi/7.2.1/thumb/v7e-m/fpv4-sp/hard/crtbegin.o
[...]
Memory Configuration

Name             Origin             Length             Attributes
RAM              0x20000000         0x00018000         xrw
FLASH            0x08000000         0x00080000         xr
*default*        0x00000000         0xffffffff

Linker script and memory map

LOAD c:/ac6/systemworkbench/plugins/fr.ac6.mcu.externaltools.arm-none.win32_1.16.0.201807130628/tools/compiler/bin/../lib/gcc/arm-none-eabi/7.2.1/thumb/v7e-m/fpv4-sp/hard/crti.o
LOAD c:/ac6/systemworkbench/plugins/fr.ac6.mcu.externaltools.arm-none.win32_1.16.0.201807130628/tools/compiler/bin/../lib/gcc/arm-none-eabi/7.2.1/thumb/v7e-m/fpv4-sp/hard/crtbegin.o
LOAD c:/ac6/systemworkbench/plugins/fr.ac6.mcu.externaltools.arm-none.win32_1.16.0.201807130628/tools/compiler/bin/../lib/gcc/arm-none-eabi/7.2.1/../../../../arm-none-eabi/lib/thumb/v7e-m/fpv4-sp/hard/crt0.o
LOAD Drivers/STM32F4xx_HAL_Driver/Src/stm32f4xx_hal.o
LOAD Drivers/STM32F4xx_HAL_Driver/Src/stm32f4xx_hal_cortex.o
LOAD Drivers/STM32F4xx_HAL_Driver/Src/stm32f4xx_hal_crc.o
LOAD Drivers/STM32F4xx_HAL_Driver/Src/stm32f4xx_hal_dma.o
LOAD Drivers/STM32F4xx_HAL_Driver/Src/stm32f4xx_hal_dma_ex.o
LOAD Drivers/STM32F4xx_HAL_Driver/Src/stm32f4xx_hal_flash.o
LOAD Drivers/STM32F4xx_HAL_Driver/Src/stm32f4xx_hal_flash_ex.o
LOAD Drivers/STM32F4xx_HAL_Driver/Src/stm32f4xx_hal_flash_ramfunc.o
LOAD Drivers/STM32F4xx_HAL_Driver/Src/stm32f4xx_hal_gpio.o
LOAD Drivers/STM32F4xx_HAL_Driver/Src/stm32f4xx_hal_pwr.o
LOAD Drivers/STM32F4xx_HAL_Driver/Src/stm32f4xx_hal_pwr_ex.o
LOAD Drivers/STM32F4xx_HAL_Driver/Src/stm32f4xx_hal_rcc.o
LOAD Drivers/STM32F4xx_HAL_Driver/Src/stm32f4xx_hal_rcc_ex.o
LOAD Drivers/STM32F4xx_HAL_Driver/Src/stm32f4xx_hal_tim.o
LOAD Drivers/STM32F4xx_HAL_Driver/Src/stm32f4xx_hal_tim_ex.o
LOAD Drivers/STM32F4xx_HAL_Driver/Src/stm32f4xx_hal_uart.o
LOAD Src/main.o
LOAD Src/stm32f4xx_hal_msp.o
LOAD Src/stm32f4xx_it.o
LOAD Src/system_stm32f4xx.o
LOAD startup/startup_stm32f401xe.o
LOAD c:/ac6/systemworkbench/plugins/fr.ac6.mcu.externaltools.arm-none.win32_1.16.0.201807130628/tools/compiler/bin/../lib/gcc/arm-none-eabi/7.2.1/../../../../arm-none-eabi/lib/thumb/v7e-m/fpv4-sp/hard\libm.a
START GROUP
LOAD c:/ac6/systemworkbench/plugins/fr.ac6.mcu.externaltools.arm-none.win32_1.16.0.201807130628/tools/compiler/bin/../lib/gcc/arm-none-eabi/7.2.1/thumb/v7e-m/fpv4-sp/hard\libgcc.a
LOAD c:/ac6/systemworkbench/plugins/fr.ac6.mcu.externaltools.arm-none.win32_1.16.0.201807130628/tools/compiler/bin/../lib/gcc/arm-none-eabi/7.2.1/../../../../arm-none-eabi/lib/thumb/v7e-m/fpv4-sp/hard\libc_nano.a
END GROUP
START GROUP
LOAD c:/ac6/systemworkbench/plugins/fr.ac6.mcu.externaltools.arm-none.win32_1.16.0.201807130628/tools/compiler/bin/../lib/gcc/arm-none-eabi/7.2.1/thumb/v7e-m/fpv4-sp/hard\libgcc.a
LOAD c:/ac6/systemworkbench/plugins/fr.ac6.mcu.externaltools.arm-none.win32_1.16.0.201807130628/tools/compiler/bin/../lib/gcc/arm-none-eabi/7.2.1/../../../../arm-none-eabi/lib/thumb/v7e-m/fpv4-sp/hard\libc_nano.a
LOAD c:/ac6/systemworkbench/plugins/fr.ac6.mcu.externaltools.arm-none.win32_1.16.0.201807130628/tools/compiler/bin/../lib/gcc/arm-none-eabi/7.2.1/../../../../arm-none-eabi/lib/thumb/v7e-m/fpv4-sp/hard\libnosys.a
END GROUP
START GROUP
LOAD c:/ac6/systemworkbench/plugins/fr.ac6.mcu.externaltools.arm-none.win32_1.16.0.201807130628/tools/compiler/bin/../lib/gcc/arm-none-eabi/7.2.1/thumb/v7e-m/fpv4-sp/hard\libgcc.a
LOAD c:/ac6/systemworkbench/plugins/fr.ac6.mcu.externaltools.arm-none.win32_1.16.0.201807130628/tools/compiler/bin/../lib/gcc/arm-none-eabi/7.2.1/../../../../arm-none-eabi/lib/thumb/v7e-m/fpv4-sp/hard\libc_nano.a
LOAD c:/ac6/systemworkbench/plugins/fr.ac6.mcu.externaltools.arm-none.win32_1.16.0.201807130628/tools/compiler/bin/../lib/gcc/arm-none-eabi/7.2.1/../../../../arm-none-eabi/lib/thumb/v7e-m/fpv4-sp/hard\libnosys.a
END GROUP
LOAD c:/ac6/systemworkbench/plugins/fr.ac6.mcu.externaltools.arm-none.win32_1.16.0.201807130628/tools/compiler/bin/../lib/gcc/arm-none-eabi/7.2.1/thumb/v7e-m/fpv4-sp/hard/crtend.o
LOAD c:/ac6/systemworkbench/plugins/fr.ac6.mcu.externaltools.arm-none.win32_1.16.0.201807130628/tools/compiler/bin/../lib/gcc/arm-none-eabi/7.2.1/thumb/v7e-m/fpv4-sp/hard/crtn.o
                0x20018000                _estack = 0x20018000
                0x00000200                _Min_Heap_Size = 0x200
                0x00000400                _Min_Stack_Size = 0x400

.isr_vector     0x08000000      0x194
                0x08000000                . = ALIGN (0x4)
 *(.isr_vector)
 .isr_vector    0x08000000      0x194 startup/startup_stm32f401xe.o
                0x08000000                g_pfnVectors
                0x08000194                . = ALIGN (0x4)

.text           0x08000194     0x2204
                0x08000194                . = ALIGN (0x4)
 *(.text)
 .text          0x08000194       0x40 c:/ac6/systemworkbench/plugins/fr.ac6.mcu.externaltools.arm-none.win32_1.16.0.201807130628/tools/compiler/bin/../lib/gcc/arm-none-eabi/7.2.1/thumb/v7e-m/fpv4-sp/hard/crtbegin.o
 .text          0x080001d4       0x30 c:/ac6/systemworkbench/plugins/fr.ac6.mcu.externaltools.arm-none.win32_1.16.0.201807130628/tools/compiler/bin/../lib/gcc/arm-none-eabi/7.2.1/thumb/v7e-m/fpv4-sp/hard\libgcc.a(_aeabi_uldivmod.o)
                0x080001d4                __aeabi_uldivmod
 .text          0x08000204      0x2cc c:/ac6/systemworkbench/plugins/fr.ac6.mcu.externaltools.arm-none.win32_1.16.0.201807130628/tools/compiler/bin/../lib/gcc/arm-none-eabi/7.2.1/thumb/v7e-m/fpv4-sp/hard\libgcc.a(_udivmoddi4.o)
                0x08000204                __udivmoddi4
 .text          0x080004d0        0x4 c:/ac6/systemworkbench/plugins/fr.ac6.mcu.externaltools.arm-none.win32_1.16.0.201807130628/tools/compiler/bin/../lib/gcc/arm-none-eabi/7.2.1/thumb/v7e-m/fpv4-sp/hard\libgcc.a(_dvmd_tls.o)
                0x080004d0                __aeabi_idiv0
                0x080004d0                __aeabi_ldiv0
 *(.text*)
 .text.HAL_InitTick
                0x080004d4       0x48 Drivers/STM32F4xx_HAL_Driver/Src/stm32f4xx_hal.o
                0x080004d4                HAL_InitTick
 .text.HAL_Init
                0x0800051c       0x34 Drivers/STM32F4xx_HAL_Driver/Src/stm32f4xx_hal.o
                0x0800051c                HAL_Init
 .text.HAL_IncTick
                0x08000550       0x18 Drivers/STM32F4xx_HAL_Driver/Src/stm32f4xx_hal.o
                0x08000550                HAL_IncTick
 .text.HAL_GetTick
                0x08000568        0xc Drivers/STM32F4xx_HAL_Driver/Src/stm32f4xx_hal.o
                0x08000568                HAL_GetTick
 .text.HAL_NVIC_SetPriorityGrouping
                0x08000574       0x24 Drivers/STM32F4xx_HAL_Driver/Src/stm32f4xx_hal_cortex.o
                0x08000574                HAL_NVIC_SetPriorityGrouping
 .text.HAL_NVIC_SetPriority
                0x08000598       0x68 Drivers/STM32F4xx_HAL_Driver/Src/stm32f4xx_hal_cortex.o
                0x08000598                HAL_NVIC_SetPriority
 .text.HAL_SYSTICK_Config
                0x08000600       0x2c Drivers/STM32F4xx_HAL_Driver/Src/stm32f4xx_hal_cortex.o
                0x08000600                HAL_SYSTICK_Config
 .text.HAL_SYSTICK_CLKSourceConfig
                0x0800062c       0x20 Drivers/STM32F4xx_HAL_Driver/Src/stm32f4xx_hal_cortex.o
                0x0800062c                HAL_SYSTICK_CLKSourceConfig
 .text.HAL_SYSTICK_Callback
                0x0800064c        0x2 Drivers/STM32F4xx_HAL_Driver/Src/stm32f4xx_hal_cortex.o
                0x0800064c                HAL_SYSTICK_Callback
 .text.HAL_SYSTICK_IRQHandler
                0x0800064e        0x8 Drivers/STM32F4xx_HAL_Driver/Src/stm32f4xx_hal_cortex.o
                0x0800064e                HAL_SYSTICK_IRQHandler
 .text.HAL_CRC_Init
                0x08000656       0x22 Drivers/STM32F4xx_HAL_Driver/Src/stm32f4xx_hal_crc.o
                0x08000656                HAL_CRC_Init
 .text.HAL_CRC_Accumulate
                0x08000678       0x36 Drivers/STM32F4xx_HAL_Driver/Src/stm32f4xx_hal_crc.o
                0x08000678                HAL_CRC_Accumulate
 *fill*         0x080006ae        0x2 
 .text.FLASH_Program_DoubleWord
                0x080006b0       0x2c Drivers/STM32F4xx_HAL_Driver/Src/stm32f4xx_hal_flash.o
 .text.FLASH_Program_Word
                0x080006dc       0x24 Drivers/STM32F4xx_HAL_Driver/Src/stm32f4xx_hal_flash.o
 .text.FLASH_Program_HalfWord
                0x08000700       0x24 Drivers/STM32F4xx_HAL_Driver/Src/stm32f4xx_hal_flash.o
 .text.FLASH_Program_Byte
                0x08000724       0x20 Drivers/STM32F4xx_HAL_Driver/Src/stm32f4xx_hal_flash.o
 .text.FLASH_SetErrorCode
                0x08000744       0xa8 Drivers/STM32F4xx_HAL_Driver/Src/stm32f4xx_hal_flash.o
 .text.HAL_FLASH_Unlock
                0x080007ec       0x30 Drivers/STM32F4xx_HAL_Driver/Src/stm32f4xx_hal_flash.o
                0x080007ec                HAL_FLASH_Unlock
 .text.HAL_FLASH_Lock
                0x0800081c       0x14 Drivers/STM32F4xx_HAL_Driver/Src/stm32f4xx_hal_flash.o
                0x0800081c                HAL_FLASH_Lock
 .text.HAL_FLASH_OB_Unlock
                0x08000830       0x28 Drivers/STM32F4xx_HAL_Driver/Src/stm32f4xx_hal_flash.o
                0x08000830                HAL_FLASH_OB_Unlock
 .text.HAL_FLASH_OB_Lock
                0x08000858       0x14 Drivers/STM32F4xx_HAL_Driver/Src/stm32f4xx_hal_flash.o
                0x08000858                HAL_FLASH_OB_Lock
 .text.FLASH_WaitForLastOperation
                0x0800086c       0x64 Drivers/STM32F4xx_HAL_Driver/Src/stm32f4xx_hal_flash.o
                0x0800086c                FLASH_WaitForLastOperation
 .text.HAL_FLASH_Program
                0x080008d0       0x80 Drivers/STM32F4xx_HAL_Driver/Src/stm32f4xx_hal_flash.o
                0x080008d0                HAL_FLASH_Program
 .text.FLASH_MassErase
                0x08000950       0x24 Drivers/STM32F4xx_HAL_Driver/Src/stm32f4xx_hal_flash_ex.o
 .text.FLASH_OB_GetUser
                0x08000974       0x10 Drivers/STM32F4xx_HAL_Driver/Src/stm32f4xx_hal_flash_ex.o
 .text.FLASH_OB_GetWRP
                0x08000984        0xc Drivers/STM32F4xx_HAL_Driver/Src/stm32f4xx_hal_flash_ex.o
 .text.FLASH_OB_GetRDP
                0x08000990       0x24 Drivers/STM32F4xx_HAL_Driver/Src/stm32f4xx_hal_flash_ex.o
 .text.FLASH_OB_GetBOR
                0x080009b4       0x10 Drivers/STM32F4xx_HAL_Driver/Src/stm32f4xx_hal_flash_ex.o
 .text.HAL_FLASHEx_OBGetConfig
                0x080009c4       0x22 Drivers/STM32F4xx_HAL_Driver/Src/stm32f4xx_hal_flash_ex.o
                0x080009c4                HAL_FLASHEx_OBGetConfig
 *fill*         0x080009e6        0x2 
 .text.FLASH_Erase_Sector
                0x080009e8       0x58 Drivers/STM32F4xx_HAL_Driver/Src/stm32f4xx_hal_flash_ex.o
                0x080009e8                FLASH_Erase_Sector
 .text.FLASH_FlushCaches
                0x08000a40       0x60 Drivers/STM32F4xx_HAL_Driver/Src/stm32f4xx_hal_flash_ex.o
                0x08000a40                FLASH_FlushCaches
 .text.HAL_FLASHEx_Erase
                0x08000aa0       0x94 Drivers/STM32F4xx_HAL_Driver/Src/stm32f4xx_hal_flash_ex.o
                0x08000aa0                HAL_FLASHEx_Erase
 .text.HAL_GPIO_Init
                0x08000b34      0x1a4 Drivers/STM32F4xx_HAL_Driver/Src/stm32f4xx_hal_gpio.o
                0x08000b34                HAL_GPIO_Init
 .text.HAL_GPIO_ReadPin
                0x08000cd8        0xe Drivers/STM32F4xx_HAL_Driver/Src/stm32f4xx_hal_gpio.o
                0x08000cd8                HAL_GPIO_ReadPin
 .text.HAL_GPIO_WritePin
                0x08000ce6        0xc Drivers/STM32F4xx_HAL_Driver/Src/stm32f4xx_hal_gpio.o
                0x08000ce6                HAL_GPIO_WritePin
 *fill*         0x08000cf2        0x2 
 .text.HAL_RCC_OscConfig
                0x08000cf4      0x398 Drivers/STM32F4xx_HAL_Driver/Src/stm32f4xx_hal_rcc.o
                0x08000cf4                HAL_RCC_OscConfig
 .text.HAL_RCC_GetSysClockFreq
                0x0800108c       0xd8 Drivers/STM32F4xx_HAL_Driver/Src/stm32f4xx_hal_rcc.o
                0x0800108c                HAL_RCC_GetSysClockFreq
 .text.HAL_RCC_ClockConfig
                0x08001164      0x158 Drivers/STM32F4xx_HAL_Driver/Src/stm32f4xx_hal_rcc.o
                0x08001164                HAL_RCC_ClockConfig
 .text.HAL_RCC_GetHCLKFreq
                0x080012bc        0xc Drivers/STM32F4xx_HAL_Driver/Src/stm32f4xx_hal_rcc.o
                0x080012bc                HAL_RCC_GetHCLKFreq
 .text.HAL_RCC_GetPCLK1Freq
                0x080012c8       0x20 Drivers/STM32F4xx_HAL_Driver/Src/stm32f4xx_hal_rcc.o
                0x080012c8                HAL_RCC_GetPCLK1Freq
 .text.HAL_RCC_GetPCLK2Freq
                0x080012e8       0x20 Drivers/STM32F4xx_HAL_Driver/Src/stm32f4xx_hal_rcc.o
                0x080012e8                HAL_RCC_GetPCLK2Freq
 .text.UART_SetConfig
                0x08001308      0x334 Drivers/STM32F4xx_HAL_Driver/Src/stm32f4xx_hal_uart.o
 .text.UART_WaitOnFlagUntilTimeout
                0x0800163c       0x62 Drivers/STM32F4xx_HAL_Driver/Src/stm32f4xx_hal_uart.o
 .text.HAL_UART_Init
                0x0800169e       0x5e Drivers/STM32F4xx_HAL_Driver/Src/stm32f4xx_hal_uart.o
                0x0800169e                HAL_UART_Init
 .text.HAL_UART_Transmit
                0x080016fc       0xe0 Drivers/STM32F4xx_HAL_Driver/Src/stm32f4xx_hal_uart.o
                0x080016fc                HAL_UART_Transmit
 .text.HAL_UART_Receive
                0x080017dc       0xe4 Drivers/STM32F4xx_HAL_Driver/Src/stm32f4xx_hal_uart.o
                0x080017dc                HAL_UART_Receive
 .text.MX_GPIO_Init
                0x080018c0       0xa0 Src/main.o
 .text.bootloader_jump_to_user_app
                0x08001960       0x1c Src/main.o
                0x08001960                bootloader_jump_to_user_app
 .text._Error_Handler
                0x0800197c        0x2 Src/main.o
                0x0800197c                _Error_Handler
 *fill*         0x0800197e        0x2 
 .text.MX_USART2_UART_Init
                0x08001980       0x3c Src/main.o
 .text.MX_CRC_Init
                0x080019bc       0x28 Src/main.o
 .text.MX_USART1_UART_Init
                0x080019e4       0x3c Src/main.o
 .text.SystemClock_Config
                0x08001a20       0xc8 Src/main.o
                0x08001a20                SystemClock_Config
 .text.bootloader_send_ack
                0x08001ae8       0x28 Src/main.o
                0x08001ae8                bootloader_send_ack
 .text.bootloader_send_nack
                0x08001b10       0x24 Src/main.o
                0x08001b10                bootloader_send_nack
 .text.bootloader_verify_crc
                0x08001b34       0x44 Src/main.o
                0x08001b34                bootloader_verify_crc
 .text.bootloader_uart_write_data
                0x08001b78       0x18 Src/main.o
                0x08001b78                bootloader_uart_write_data
 .text.bootloader_handle_gethelp_cmd
                0x08001b90       0x34 Src/main.o
                0x08001b90                bootloader_handle_gethelp_cmd
 .text.get_bootloader_version
                0x08001bc4        0x4 Src/main.o
                0x08001bc4                get_bootloader_version
 .text.bootloader_handle_getver_cmd
                0x08001bc8       0x36 Src/main.o
                0x08001bc8                bootloader_handle_getver_cmd
 *fill*         0x08001bfe        0x2 
 .text.get_mcu_chip_id
                0x08001c00       0x10 Src/main.o
                0x08001c00                get_mcu_chip_id
 .text.bootloader_handle_getcid_cmd
                0x08001c10       0x44 Src/main.o
                0x08001c10                bootloader_handle_getcid_cmd
 .text.get_flash_rdp_level
                0x08001c54       0x10 Src/main.o
                0x08001c54                get_flash_rdp_level
 .text.bootloader_handle_getrdp_cmd
                0x08001c64       0x44 Src/main.o
                0x08001c64                bootloader_handle_getrdp_cmd
 .text.verify_address
                0x08001ca8        0x4 Src/main.o
                0x08001ca8                verify_address
 .text.bootloader_handle_go_cmd
                0x08001cac       0x5c Src/main.o
                0x08001cac                bootloader_handle_go_cmd
 .text.execute_flash_erase
                0x08001d08       0x58 Src/main.o
                0x08001d08                execute_flash_erase
 .text.bootloader_handle_flash_erase_cmd
                0x08001d60       0x60 Src/main.o
                0x08001d60                bootloader_handle_flash_erase_cmd
 .text.execute_mem_write
                0x08001dc0       0x34 Src/main.o
                0x08001dc0                execute_mem_write
 .text.bootloader_handle_mem_write_cmd
                0x08001df4       0x80 Src/main.o
                0x08001df4                bootloader_handle_mem_write_cmd
 .text.configure_flash_sector_rw_protection
                0x08001e74       0xcc Src/main.o
                0x08001e74                configure_flash_sector_rw_protection
 .text.bootloader_handle_en_rw_protect
                0x08001f40       0x48 Src/main.o
                0x08001f40                bootloader_handle_en_rw_protect
 .text.bootloader_handle_dis_rw_protect
                0x08001f88       0x48 Src/main.o
                0x08001f88                bootloader_handle_dis_rw_protect
 .text.read_OB_rw_protection_status
                0x08001fd0       0x1c Src/main.o
                0x08001fd0                read_OB_rw_protection_status
 .text.bootloader_handle_read_sector_protection_status
                0x08001fec       0x3c Src/main.o
                0x08001fec                bootloader_handle_read_sector_protection_status
 .text.bootloader_uart_read_data
                0x08002028       0xc4 Src/main.o
                0x08002028                bootloader_uart_read_data
 .text.main     0x080020ec       0x38 Src/main.o
                0x080020ec                main
 .text.HAL_MspInit
                0x08002124       0x94 Src/stm32f4xx_hal_msp.o
                0x08002124                HAL_MspInit
 .text.HAL_CRC_MspInit
                0x080021b8       0x30 Src/stm32f4xx_hal_msp.o
                0x080021b8                HAL_CRC_MspInit
 .text.HAL_UART_MspInit
                0x080021e8       0x94 Src/stm32f4xx_hal_msp.o
                0x080021e8                HAL_UART_MspInit
 .text.SysTick_Handler
                0x0800227c        0xc Src/stm32f4xx_it.o
                0x0800227c                SysTick_Handler
 .text.SystemInit
                0x08002288       0x4c Src/system_stm32f4xx.o
                0x08002288                SystemInit
 .text.Reset_Handler
                0x080022d4       0x50 startup/startup_stm32f401xe.o
                0x080022d4                Reset_Handler
 .text.Default_Handler
                0x08002324        0x2 startup/startup_stm32f401xe.o
                0x08002324                RTC_Alarm_IRQHandler
                0x08002324                EXTI2_IRQHandler
                0x08002324                DebugMon_Handler
                0x08002324                SPI4_IRQHandler
                0x08002324                TIM1_CC_IRQHandler
                0x08002324                DMA2_Stream5_IRQHandler
                0x08002324                HardFault_Handler
                0x08002324                DMA1_Stream5_IRQHandler
                0x08002324                PVD_IRQHandler
                0x08002324                SDIO_IRQHandler
                0x08002324                TAMP_STAMP_IRQHandler
                0x08002324                PendSV_Handler
                0x08002324                NMI_Handler
                0x08002324                EXTI3_IRQHandler
                0x08002324                TIM1_UP_TIM10_IRQHandler
                0x08002324                I2C3_ER_IRQHandler
                0x08002324                EXTI0_IRQHandler
                0x08002324                I2C2_EV_IRQHandler
                0x08002324                DMA1_Stream2_IRQHandler
                0x08002324                FPU_IRQHandler
                0x08002324                UsageFault_Handler
                0x08002324                DMA2_Stream2_IRQHandler
                0x08002324                SPI1_IRQHandler
                0x08002324                TIM1_BRK_TIM9_IRQHandler
                0x08002324                DMA2_Stream3_IRQHandler
                0x08002324                USART6_IRQHandler
                0x08002324                DMA2_Stream0_IRQHandler
                0x08002324                TIM4_IRQHandler
                0x08002324                I2C1_EV_IRQHandler
                0x08002324                DMA1_Stream6_IRQHandler
                0x08002324                DMA1_Stream1_IRQHandler
                0x08002324                TIM3_IRQHandler
                0x08002324                RCC_IRQHandler
                0x08002324                Default_Handler
                0x08002324                EXTI15_10_IRQHandler
                0x08002324                ADC_IRQHandler
                0x08002324                DMA1_Stream7_IRQHandler
                0x08002324                TIM5_IRQHandler
                0x08002324                DMA2_Stream7_IRQHandler
                0x08002324                I2C3_EV_IRQHandler
                0x08002324                EXTI9_5_IRQHandler
                0x08002324                RTC_WKUP_IRQHandler
                0x08002324                SPI2_IRQHandler
                0x08002324                MemManage_Handler
                0x08002324                DMA1_Stream0_IRQHandler
                0x08002324                SVC_Handler
                0x08002324                EXTI4_IRQHandler
                0x08002324                WWDG_IRQHandler
                0x08002324                TIM2_IRQHandler
                0x08002324                OTG_FS_WKUP_IRQHandler
                0x08002324                TIM1_TRG_COM_TIM11_IRQHandler
                0x08002324                EXTI1_IRQHandler
                0x08002324                USART2_IRQHandler
                0x08002324                I2C2_ER_IRQHandler
                0x08002324                DMA2_Stream1_IRQHandler
                0x08002324                FLASH_IRQHandler
                0x08002324                DMA2_Stream4_IRQHandler
                0x08002324                BusFault_Handler
                0x08002324                USART1_IRQHandler
                0x08002324                OTG_FS_IRQHandler
                0x08002324                SPI3_IRQHandler
                0x08002324                DMA1_Stream4_IRQHandler
                0x08002324                I2C1_ER_IRQHandler
                0x08002324                DMA2_Stream6_IRQHandler
                0x08002324                DMA1_Stream3_IRQHandler
 *fill*         0x08002326        0x2 
 .text.__libc_init_array
                0x08002328       0x48 c:/ac6/systemworkbench/plugins/fr.ac6.mcu.externaltools.arm-none.win32_1.16.0.201807130628/tools/compiler/bin/../lib/gcc/arm-none-eabi/7.2.1/../../../../arm-none-eabi/lib/thumb/v7e-m/fpv4-sp/hard\libc_nano.a(lib_a-init.o)
                0x08002328                __libc_init_array
 .text.memset   0x08002370       0x10 c:/ac6/systemworkbench/plugins/fr.ac6.mcu.externaltools.arm-none.win32_1.16.0.201807130628/tools/compiler/bin/../lib/gcc/arm-none-eabi/7.2.1/../../../../arm-none-eabi/lib/thumb/v7e-m/fpv4-sp/hard\libc_nano.a(lib_a-memset.o)
                0x08002370                memset
 *(.glue_7)
 .glue_7        0x08002380        0x0 linker stubs
 *(.glue_7t)
 .glue_7t       0x08002380        0x0 linker stubs
 *(.eh_frame)
 .eh_frame      0x08002380        0x0 c:/ac6/systemworkbench/plugins/fr.ac6.mcu.externaltools.arm-none.win32_1.16.0.201807130628/tools/compiler/bin/../lib/gcc/arm-none-eabi/7.2.1/thumb/v7e-m/fpv4-sp/hard/crtbegin.o
 *(.init)
 .init          0x08002380        0x4 c:/ac6/systemworkbench/plugins/fr.ac6.mcu.externaltools.arm-none.win32_1.16.0.201807130628/tools/compiler/bin/../lib/gcc/arm-none-eabi/7.2.1/thumb/v7e-m/fpv4-sp/hard/crti.o
                0x08002380                _init
 .init          0x08002384        0x8 c:/ac6/systemworkbench/plugins/fr.ac6.mcu.externaltools.arm-none.win32_1.16.0.201807130628/tools/compiler/bin/../lib/gcc/arm-none-eabi/7.2.1/thumb/v7e-m/fpv4-sp/hard/crtn.o
 *(.fini)
 .fini          0x0800238c        0x4 c:/ac6/systemworkbench/plugins/fr.ac6.mcu.externaltools.arm-none.win32_1.16.0.201807130628/tools/compiler/bin/../lib/gcc/arm-none-eabi/7.2.1/thumb/v7e-m/fpv4-sp/hard/crti.o
                0x0800238c                _fini
 .fini          0x08002390        0x8 c:/ac6/systemworkbench/plugins/fr.ac6.mcu.externaltools.arm-none.win32_1.16.0.201807130628/tools/compiler/bin/../lib/gcc/arm-none-eabi/7.2.1/thumb/v7e-m/fpv4-sp/hard/crtn.o
                0x08002398                . = ALIGN (0x4)
                0x08002398                _etext = .

.vfp11_veneer   0x08002398        0x0
 .vfp11_veneer  0x08002398        0x0 linker stubs

.v4_bx          0x08002398        0x0
 .v4_bx         0x08002398        0x0 linker stubs

.iplt           0x08002398        0x0
 .iplt          0x08002398        0x0 c:/ac6/systemworkbench/plugins/fr.ac6.mcu.externaltools.arm-none.win32_1.16.0.201807130628/tools/compiler/bin/../lib/gcc/arm-none-eabi/7.2.1/thumb/v7e-m/fpv4-sp/hard/crtbegin.o

.rodata         0x08002398       0x28
                0x08002398                . = ALIGN (0x4)
 *(.rodata)
 .rodata        0x08002398       0x18 Src/system_stm32f4xx.o
                0x08002398                AHBPrescTable
                0x080023a8                APBPrescTable
 *(.rodata*)
 .rodata.str1.4
                0x080023b0       0x10 Src/main.o
                                  0xe (size before relaxing)
                0x080023c0                . = ALIGN (0x4)

.ARM.extab
 *(.ARM.extab* .gnu.linkonce.armextab.*)

.ARM            0x080023c0        0x8
                0x080023c0                __exidx_start = .
 *(.ARM.exidx*)
 .ARM.exidx     0x080023c0        0x8 c:/ac6/systemworkbench/plugins/fr.ac6.mcu.externaltools.arm-none.win32_1.16.0.201807130628/tools/compiler/bin/../lib/gcc/arm-none-eabi/7.2.1/thumb/v7e-m/fpv4-sp/hard\libgcc.a(_udivmoddi4.o)
                0x080023c8                __exidx_end = .

.rel.dyn        0x080023c8        0x0
 .rel.iplt      0x080023c8        0x0 c:/ac6/systemworkbench/plugins/fr.ac6.mcu.externaltools.arm-none.win32_1.16.0.201807130628/tools/compiler/bin/../lib/gcc/arm-none-eabi/7.2.1/thumb/v7e-m/fpv4-sp/hard/crtbegin.o

.preinit_array  0x080023c8        0x0
                0x080023c8                PROVIDE (__preinit_array_start, .)
 *(.preinit_array*)
                0x080023c8                PROVIDE (__preinit_array_end, .)

.init_array     0x080023c8        0x4
                0x080023c8                PROVIDE (__init_array_start, .)
 *(SORT_BY_NAME(.init_array.*))
 *(.init_array*)
 .init_array    0x080023c8        0x4 c:/ac6/systemworkbench/plugins/fr.ac6.mcu.externaltools.arm-none.win32_1.16.0.201807130628/tools/compiler/bin/../lib/gcc/arm-none-eabi/7.2.1/thumb/v7e-m/fpv4-sp/hard/crtbegin.o
                0x080023cc                PROVIDE (__init_array_end, .)

.fini_array     0x080023cc        0x4
                [!provide]                PROVIDE (__fini_array_start, .)
 *(SORT_BY_NAME(.fini_array.*))
 *(.fini_array*)
 .fini_array    0x080023cc        0x4 c:/ac6/systemworkbench/plugins/fr.ac6.mcu.externaltools.arm-none.win32_1.16.0.201807130628/tools/compiler/bin/../lib/gcc/arm-none-eabi/7.2.1/thumb/v7e-m/fpv4-sp/hard/crtbegin.o
                [!provide]                PROVIDE (__fini_array_end, .)
                0x080023d0                _sidata = LOADADDR (.data)

.data           0x20000000       0x14 load address 0x080023d0
                0x20000000                . = ALIGN (0x4)
                0x20000000                _sdata = .
 *(.data)
 .data          0x20000000        0x8 Drivers/STM32F4xx_HAL_Driver/Src/stm32f4xx_hal.o
                0x20000000                uwTickFreq
                0x20000004                uwTickPrio
 .data          0x20000008        0x8 Src/main.o
                0x20000008                supported_commands
 .data          0x20000010        0x4 Src/system_stm32f4xx.o
                0x20000010                SystemCoreClock
 *(.data*)
                0x20000014                . = ALIGN (0x4)
                0x20000014                _edata = .

.igot.plt       0x20000014        0x0 load address 0x080023e4
 .igot.plt      0x20000014        0x0 c:/ac6/systemworkbench/plugins/fr.ac6.mcu.externaltools.arm-none.win32_1.16.0.201807130628/tools/compiler/bin/../lib/gcc/arm-none-eabi/7.2.1/thumb/v7e-m/fpv4-sp/hard/crtbegin.o
                0x20000014                . = ALIGN (0x4)

.bss            0x20000014      0x190 load address 0x080023e4
                0x20000014                _sbss = .
                0x20000014                __bss_start__ = _sbss
 *(.bss)
 .bss           0x20000014       0x1c c:/ac6/systemworkbench/plugins/fr.ac6.mcu.externaltools.arm-none.win32_1.16.0.201807130628/tools/compiler/bin/../lib/gcc/arm-none-eabi/7.2.1/thumb/v7e-m/fpv4-sp/hard/crtbegin.o
 *(.bss*)
 *(COMMON)
 COMMON         0x20000030        0x4 Drivers/STM32F4xx_HAL_Driver/Src/stm32f4xx_hal.o
                0x20000030                uwTick
 COMMON         0x20000034       0x20 Drivers/STM32F4xx_HAL_Driver/Src/stm32f4xx_hal_flash.o
                0x20000034                pFlash
 COMMON         0x20000054      0x150 Src/main.o
                0x20000054                hcrc
                0x2000005c                huart1
                0x2000009c                huart2
                0x200000dc                bl_rx_buffer
                0x200001a4                . = ALIGN (0x4)
                0x200001a4                _ebss = .
                0x200001a4                __bss_end__ = _ebss

._user_heap_stack
                0x200001a4      0x604 load address 0x080023e4
                0x200001a8                . = ALIGN (0x8)
 *fill*         0x200001a4        0x4 
                [!provide]                PROVIDE (end, .)
                [!provide]                PROVIDE (_end, .)
                0x200003a8                . = (. + _Min_Heap_Size)
 *fill*         0x200001a8      0x200 
                0x200007a8                . = (. + _Min_Stack_Size)
 *fill*         0x200003a8      0x400 
                0x200007a8                . = ALIGN (0x8)

/DISCARD/
 libc.a(*)
 libm.a(*)
 libgcc.a(*)

.ARM.attributes
                0x00000000       0x30
 *(.ARM.attributes)
 .ARM.attributes
                0x00000000       0x22 c:/ac6/systemworkbench/plugins/fr.ac6.mcu.externaltools.arm-none.win32_1.16.0.201807130628/tools/compiler/bin/../lib/gcc/arm-none-eabi/7.2.1/thumb/v7e-m/fpv4-sp/hard/crti.o
 .ARM.attributes
                0x00000022       0x34 c:/ac6/systemworkbench/plugins/fr.ac6.mcu.externaltools.arm-none.win32_1.16.0.201807130628/tools/compiler/bin/../lib/gcc/arm-none-eabi/7.2.1/thumb/v7e-m/fpv4-sp/hard/crtbegin.o
 .ARM.attributes
                0x00000056       0x39 Drivers/STM32F4xx_HAL_Driver/Src/stm32f4xx_hal.o
 .ARM.attributes
                0x0000008f       0x39 Drivers/STM32F4xx_HAL_Driver/Src/stm32f4xx_hal_cortex.o
 .ARM.attributes
                0x000000c8       0x39 Drivers/STM32F4xx_HAL_Driver/Src/stm32f4xx_hal_crc.o
 .ARM.attributes
                0x00000101       0x39 Drivers/STM32F4xx_HAL_Driver/Src/stm32f4xx_hal_flash.o
 .ARM.attributes
                0x0000013a       0x39 Drivers/STM32F4xx_HAL_Driver/Src/stm32f4xx_hal_flash_ex.o
 .ARM.attributes
                0x00000173       0x39 Drivers/STM32F4xx_HAL_Driver/Src/stm32f4xx_hal_gpio.o
 .ARM.attributes
                0x000001ac       0x39 Drivers/STM32F4xx_HAL_Driver/Src/stm32f4xx_hal_rcc.o
 .ARM.attributes
                0x000001e5       0x39 Drivers/STM32F4xx_HAL_Driver/Src/stm32f4xx_hal_uart.o
 .ARM.attributes
                0x0000021e       0x39 Src/main.o
 .ARM.attributes
                0x00000257       0x39 Src/stm32f4xx_hal_msp.o
 .ARM.attributes
                0x00000290       0x39 Src/stm32f4xx_it.o
 .ARM.attributes
                0x000002c9       0x39 Src/system_stm32f4xx.o
 .ARM.attributes
                0x00000302       0x21 startup/startup_stm32f401xe.o
 .ARM.attributes
                0x00000323       0x22 c:/ac6/systemworkbench/plugins/fr.ac6.mcu.externaltools.arm-none.win32_1.16.0.201807130628/tools/compiler/bin/../lib/gcc/arm-none-eabi/7.2.1/thumb/v7e-m/fpv4-sp/hard\libgcc.a(_aeabi_uldivmod.o)
 .ARM.attributes
                0x00000345       0x34 c:/ac6/systemworkbench/plugins/fr.ac6.mcu.externaltools.arm-none.win32_1.16.0.201807130628/tools/compiler/bin/../lib/gcc/arm-none-eabi/7.2.1/thumb/v7e-m/fpv4-sp/hard\libgcc.a(_udivmoddi4.o)
 .ARM.attributes
                0x00000379       0x22 c:/ac6/systemworkbench/plugins/fr.ac6.mcu.externaltools.arm-none.win32_1.16.0.201807130628/tools/compiler/bin/../lib/gcc/arm-none-eabi/7.2.1/thumb/v7e-m/fpv4-sp/hard\libgcc.a(_dvmd_tls.o)
 .ARM.attributes
                0x0000039b       0x34 c:/ac6/systemworkbench/plugins/fr.ac6.mcu.externaltools.arm-none.win32_1.16.0.201807130628/tools/compiler/bin/../lib/gcc/arm-none-eabi/7.2.1/../../../../arm-none-eabi/lib/thumb/v7e-m/fpv4-sp/hard\libc_nano.a(lib_a-init.o)
 .ARM.attributes
                0x000003cf       0x34 c:/ac6/systemworkbench/plugins/fr.ac6.mcu.externaltools.arm-none.win32_1.16.0.201807130628/tools/compiler/bin/../lib/gcc/arm-none-eabi/7.2.1/../../../../arm-none-eabi/lib/thumb/v7e-m/fpv4-sp/hard\libc_nano.a(lib_a-memset.o)
 .ARM.attributes
                0x00000403       0x22 c:/ac6/systemworkbench/plugins/fr.ac6.mcu.externaltools.arm-none.win32_1.16.0.201807130628/tools/compiler/bin/../lib/gcc/arm-none-eabi/7.2.1/thumb/v7e-m/fpv4-sp/hard/crtn.o
OUTPUT(Bootloader-Eclipse.elf elf32-littlearm)

.debug_info     0x00000000     0xecd1
 .debug_info    0x00000000     0x1167 Drivers/STM32F4xx_HAL_Driver/Src/stm32f4xx_hal.o
 .debug_info    0x00001167     0x16bf Drivers/STM32F4xx_HAL_Driver/Src/stm32f4xx_hal_cortex.o
 .debug_info    0x00002826      0xc0e Drivers/STM32F4xx_HAL_Driver/Src/stm32f4xx_hal_crc.o
 .debug_info    0x00003434      0xf5e Drivers/STM32F4xx_HAL_Driver/Src/stm32f4xx_hal_flash.o
 .debug_info    0x00004392     0x11be Drivers/STM32F4xx_HAL_Driver/Src/stm32f4xx_hal_flash_ex.o
 .debug_info    0x00005550      0xfba Drivers/STM32F4xx_HAL_Driver/Src/stm32f4xx_hal_gpio.o
 .debug_info    0x0000650a     0x1285 Drivers/STM32F4xx_HAL_Driver/Src/stm32f4xx_hal_rcc.o
 .debug_info    0x0000778f     0x1f12 Drivers/STM32F4xx_HAL_Driver/Src/stm32f4xx_hal_uart.o
 .debug_info    0x000096a1     0x29bd Src/main.o
 .debug_info    0x0000c05e     0x1583 Src/stm32f4xx_hal_msp.o
 .debug_info    0x0000d5e1      0x97b Src/stm32f4xx_it.o
 .debug_info    0x0000df5c      0xd53 Src/system_stm32f4xx.o
 .debug_info    0x0000ecaf       0x22 startup/startup_stm32f401xe.o

.debug_abbrev   0x00000000     0x2308
 .debug_abbrev  0x00000000      0x2e5 Drivers/STM32F4xx_HAL_Driver/Src/stm32f4xx_hal.o
 .debug_abbrev  0x000002e5      0x3d6 Drivers/STM32F4xx_HAL_Driver/Src/stm32f4xx_hal_cortex.o
 .debug_abbrev  0x000006bb      0x290 Drivers/STM32F4xx_HAL_Driver/Src/stm32f4xx_hal_crc.o
 .debug_abbrev  0x0000094b      0x321 Drivers/STM32F4xx_HAL_Driver/Src/stm32f4xx_hal_flash.o
 .debug_abbrev  0x00000c6c      0x319 Drivers/STM32F4xx_HAL_Driver/Src/stm32f4xx_hal_flash_ex.o
 .debug_abbrev  0x00000f85      0x2a7 Drivers/STM32F4xx_HAL_Driver/Src/stm32f4xx_hal_gpio.o
 .debug_abbrev  0x0000122c      0x333 Drivers/STM32F4xx_HAL_Driver/Src/stm32f4xx_hal_rcc.o
 .debug_abbrev  0x0000155f      0x344 Drivers/STM32F4xx_HAL_Driver/Src/stm32f4xx_hal_uart.o
 .debug_abbrev  0x000018a3      0x402 Src/main.o
 .debug_abbrev  0x00001ca5      0x26c Src/stm32f4xx_hal_msp.o
 .debug_abbrev  0x00001f11      0x1e0 Src/stm32f4xx_it.o
 .debug_abbrev  0x000020f1      0x205 Src/system_stm32f4xx.o
 .debug_abbrev  0x000022f6       0x12 startup/startup_stm32f401xe.o

.debug_loc      0x00000000     0x3add
 .debug_loc     0x00000000       0xfd Drivers/STM32F4xx_HAL_Driver/Src/stm32f4xx_hal.o
 .debug_loc     0x000000fd      0x5ce Drivers/STM32F4xx_HAL_Driver/Src/stm32f4xx_hal_cortex.o
 .debug_loc     0x000006cb      0x16f Drivers/STM32F4xx_HAL_Driver/Src/stm32f4xx_hal_crc.o
 .debug_loc     0x0000083a      0x357 Drivers/STM32F4xx_HAL_Driver/Src/stm32f4xx_hal_flash.o
 .debug_loc     0x00000b91      0x687 Drivers/STM32F4xx_HAL_Driver/Src/stm32f4xx_hal_flash_ex.o
 .debug_loc     0x00001218      0x469 Drivers/STM32F4xx_HAL_Driver/Src/stm32f4xx_hal_gpio.o
 .debug_loc     0x00001681      0x3f1 Drivers/STM32F4xx_HAL_Driver/Src/stm32f4xx_hal_rcc.o
 .debug_loc     0x00001a72     0x158b Drivers/STM32F4xx_HAL_Driver/Src/stm32f4xx_hal_uart.o
 .debug_loc     0x00002ffd      0x8fc Src/main.o
 .debug_loc     0x000038f9       0xa6 Src/stm32f4xx_hal_msp.o
 .debug_loc     0x0000399f      0x13e Src/system_stm32f4xx.o

.debug_aranges  0x00000000      0x7c8
 .debug_aranges
                0x00000000       0xe0 Drivers/STM32F4xx_HAL_Driver/Src/stm32f4xx_hal.o
 .debug_aranges
                0x000000e0       0xa8 Drivers/STM32F4xx_HAL_Driver/Src/stm32f4xx_hal_cortex.o
 .debug_aranges
                0x00000188       0x50 Drivers/STM32F4xx_HAL_Driver/Src/stm32f4xx_hal_crc.o
 .debug_aranges
                0x000001d8       0xa0 Drivers/STM32F4xx_HAL_Driver/Src/stm32f4xx_hal_flash.o
 .debug_aranges
                0x00000278       0xc8 Drivers/STM32F4xx_HAL_Driver/Src/stm32f4xx_hal_flash_ex.o
 .debug_aranges
                0x00000340       0x58 Drivers/STM32F4xx_HAL_Driver/Src/stm32f4xx_hal_gpio.o
 .debug_aranges
                0x00000398       0x88 Drivers/STM32F4xx_HAL_Driver/Src/stm32f4xx_hal_rcc.o
 .debug_aranges
                0x00000420      0x1d0 Drivers/STM32F4xx_HAL_Driver/Src/stm32f4xx_hal_uart.o
 .debug_aranges
                0x000005f0      0x128 Src/main.o
 .debug_aranges
                0x00000718       0x40 Src/stm32f4xx_hal_msp.o
 .debug_aranges
                0x00000758       0x20 Src/stm32f4xx_it.o
 .debug_aranges
                0x00000778       0x28 Src/system_stm32f4xx.o
 .debug_aranges
                0x000007a0       0x28 startup/startup_stm32f401xe.o

.debug_ranges   0x00000000      0x7a8
 .debug_ranges  0x00000000       0xd0 Drivers/STM32F4xx_HAL_Driver/Src/stm32f4xx_hal.o
 .debug_ranges  0x000000d0       0xf8 Drivers/STM32F4xx_HAL_Driver/Src/stm32f4xx_hal_cortex.o
 .debug_ranges  0x000001c8       0x40 Drivers/STM32F4xx_HAL_Driver/Src/stm32f4xx_hal_crc.o
 .debug_ranges  0x00000208       0x90 Drivers/STM32F4xx_HAL_Driver/Src/stm32f4xx_hal_flash.o
 .debug_ranges  0x00000298       0xb8 Drivers/STM32F4xx_HAL_Driver/Src/stm32f4xx_hal_flash_ex.o
 .debug_ranges  0x00000350       0x48 Drivers/STM32F4xx_HAL_Driver/Src/stm32f4xx_hal_gpio.o
 .debug_ranges  0x00000398       0x90 Drivers/STM32F4xx_HAL_Driver/Src/stm32f4xx_hal_rcc.o
 .debug_ranges  0x00000428      0x1c0 Drivers/STM32F4xx_HAL_Driver/Src/stm32f4xx_hal_uart.o
 .debug_ranges  0x000005e8      0x148 Src/main.o
 .debug_ranges  0x00000730       0x30 Src/stm32f4xx_hal_msp.o
 .debug_ranges  0x00000760       0x10 Src/stm32f4xx_it.o
 .debug_ranges  0x00000770       0x18 Src/system_stm32f4xx.o
 .debug_ranges  0x00000788       0x20 startup/startup_stm32f401xe.o

.debug_macro    0x00000000    0x162d8
 .debug_macro   0x00000000      0x39f Drivers/STM32F4xx_HAL_Driver/Src/stm32f4xx_hal.o
 .debug_macro   0x0000039f      0xa60 Drivers/STM32F4xx_HAL_Driver/Src/stm32f4xx_hal.o
 .debug_macro   0x00000dff       0x22 Drivers/STM32F4xx_HAL_Driver/Src/stm32f4xx_hal.o
 .debug_macro   0x00000e21       0x87 Drivers/STM32F4xx_HAL_Driver/Src/stm32f4xx_hal.o
 .debug_macro   0x00000ea8       0x51 Drivers/STM32F4xx_HAL_Driver/Src/stm32f4xx_hal.o
 .debug_macro   0x00000ef9       0xef Drivers/STM32F4xx_HAL_Driver/Src/stm32f4xx_hal.o
 .debug_macro   0x00000fe8       0x6a Drivers/STM32F4xx_HAL_Driver/Src/stm32f4xx_hal.o
 .debug_macro   0x00001052      0x1df Drivers/STM32F4xx_HAL_Driver/Src/stm32f4xx_hal.o
 .debug_macro   0x00001231       0x58 Drivers/STM32F4xx_HAL_Driver/Src/stm32f4xx_hal.o
 .debug_macro   0x00001289       0x58 Drivers/STM32F4xx_HAL_Driver/Src/stm32f4xx_hal.o
 .debug_macro   0x000012e1       0x17 Drivers/STM32F4xx_HAL_Driver/Src/stm32f4xx_hal.o
 .debug_macro   0x000012f8       0x35 Drivers/STM32F4xx_HAL_Driver/Src/stm32f4xx_hal.o
 .debug_macro   0x0000132d       0x9c Drivers/STM32F4xx_HAL_Driver/Src/stm32f4xx_hal.o
 .debug_macro   0x000013c9      0x174 Drivers/STM32F4xx_HAL_Driver/Src/stm32f4xx_hal.o
 .debug_macro   0x0000153d       0x58 Drivers/STM32F4xx_HAL_Driver/Src/stm32f4xx_hal.o
 .debug_macro   0x00001595       0x1f Drivers/STM32F4xx_HAL_Driver/Src/stm32f4xx_hal.o
 .debug_macro   0x000015b4       0x43 Drivers/STM32F4xx_HAL_Driver/Src/stm32f4xx_hal.o
 .debug_macro   0x000015f7       0x20 Drivers/STM32F4xx_HAL_Driver/Src/stm32f4xx_hal.o
 .debug_macro   0x00001617      0x18e Drivers/STM32F4xx_HAL_Driver/Src/stm32f4xx_hal.o
 .debug_macro   0x000017a5      0x330 Drivers/STM32F4xx_HAL_Driver/Src/stm32f4xx_hal.o
 .debug_macro   0x00001ad5       0x10 Drivers/STM32F4xx_HAL_Driver/Src/stm32f4xx_hal.o
 .debug_macro   0x00001ae5       0x35 Drivers/STM32F4xx_HAL_Driver/Src/stm32f4xx_hal.o
 .debug_macro   0x00001b1a       0xeb Drivers/STM32F4xx_HAL_Driver/Src/stm32f4xx_hal.o
 .debug_macro   0x00001c05      0x180 Drivers/STM32F4xx_HAL_Driver/Src/stm32f4xx_hal.o
 .debug_macro   0x00001d85       0x32 Drivers/STM32F4xx_HAL_Driver/Src/stm32f4xx_hal.o
 .debug_macro   0x00001db7       0x28 Drivers/STM32F4xx_HAL_Driver/Src/stm32f4xx_hal.o
 .debug_macro   0x00001ddf       0x3b Drivers/STM32F4xx_HAL_Driver/Src/stm32f4xx_hal.o
 .debug_macro   0x00001e1a       0x50 Drivers/STM32F4xx_HAL_Driver/Src/stm32f4xx_hal.o
 .debug_macro   0x00001e6a      0xe66 Drivers/STM32F4xx_HAL_Driver/Src/stm32f4xx_hal.o
 .debug_macro   0x00002cd0     0xb71c Drivers/STM32F4xx_HAL_Driver/Src/stm32f4xx_hal.o
 .debug_macro   0x0000e3ec       0x43 Drivers/STM32F4xx_HAL_Driver/Src/stm32f4xx_hal.o
 .debug_macro   0x0000e42f     0x3535 Drivers/STM32F4xx_HAL_Driver/Src/stm32f4xx_hal.o
 .debug_macro   0x00011964       0x1c Drivers/STM32F4xx_HAL_Driver/Src/stm32f4xx_hal.o
 .debug_macro   0x00011980       0x10 Drivers/STM32F4xx_HAL_Driver/Src/stm32f4xx_hal.o
 .debug_macro   0x00011990       0x1c Drivers/STM32F4xx_HAL_Driver/Src/stm32f4xx_hal.o
 .debug_macro   0x000119ac       0x52 Drivers/STM32F4xx_HAL_Driver/Src/stm32f4xx_hal.o
 .debug_macro   0x000119fe       0x40 Drivers/STM32F4xx_HAL_Driver/Src/stm32f4xx_hal.o
 .debug_macro   0x00011a3e       0x10 Drivers/STM32F4xx_HAL_Driver/Src/stm32f4xx_hal.o
 .debug_macro   0x00011a4e       0x40 Drivers/STM32F4xx_HAL_Driver/Src/stm32f4xx_hal.o
 .debug_macro   0x00011a8e       0xd7 Drivers/STM32F4xx_HAL_Driver/Src/stm32f4xx_hal.o
 .debug_macro   0x00011b65       0x1c Drivers/STM32F4xx_HAL_Driver/Src/stm32f4xx_hal.o
 .debug_macro   0x00011b81       0x3d Drivers/STM32F4xx_HAL_Driver/Src/stm32f4xx_hal.o
 .debug_macro   0x00011bbe       0x16 Drivers/STM32F4xx_HAL_Driver/Src/stm32f4xx_hal.o
 .debug_macro   0x00011bd4      0x16f Drivers/STM32F4xx_HAL_Driver/Src/stm32f4xx_hal.o
 .debug_macro   0x00011d43       0x50 Drivers/STM32F4xx_HAL_Driver/Src/stm32f4xx_hal.o
 .debug_macro   0x00011d93      0x416 Drivers/STM32F4xx_HAL_Driver/Src/stm32f4xx_hal.o
 .debug_macro   0x000121a9      0xa02 Drivers/STM32F4xx_HAL_Driver/Src/stm32f4xx_hal.o
 .debug_macro   0x00012bab      0x11e Drivers/STM32F4xx_HAL_Driver/Src/stm32f4xx_hal.o
 .debug_macro   0x00012cc9       0xf8 Drivers/STM32F4xx_HAL_Driver/Src/stm32f4xx_hal.o
 .debug_macro   0x00012dc1       0x27 Drivers/STM32F4xx_HAL_Driver/Src/stm32f4xx_hal.o
 .debug_macro   0x00012de8      0x287 Drivers/STM32F4xx_HAL_Driver/Src/stm32f4xx_hal.o
 .debug_macro   0x0001306f       0x5f Drivers/STM32F4xx_HAL_Driver/Src/stm32f4xx_hal.o
 .debug_macro   0x000130ce      0x23a Drivers/STM32F4xx_HAL_Driver/Src/stm32f4xx_hal.o
 .debug_macro   0x00013308       0x23 Drivers/STM32F4xx_HAL_Driver/Src/stm32f4xx_hal.o
 .debug_macro   0x0001332b      0x13a Drivers/STM32F4xx_HAL_Driver/Src/stm32f4xx_hal.o
 .debug_macro   0x00013465      0x264 Drivers/STM32F4xx_HAL_Driver/Src/stm32f4xx_hal.o
 .debug_macro   0x000136c9       0x2e Drivers/STM32F4xx_HAL_Driver/Src/stm32f4xx_hal.o
 .debug_macro   0x000136f7      0x11e Drivers/STM32F4xx_HAL_Driver/Src/stm32f4xx_hal.o
 .debug_macro   0x00013815       0x85 Drivers/STM32F4xx_HAL_Driver/Src/stm32f4xx_hal.o
 .debug_macro   0x0001389a       0x89 Drivers/STM32F4xx_HAL_Driver/Src/stm32f4xx_hal.o
 .debug_macro   0x00013923      0x287 Drivers/STM32F4xx_HAL_Driver/Src/stm32f4xx_hal.o
 .debug_macro   0x00013baa      0x12d Drivers/STM32F4xx_HAL_Driver/Src/stm32f4xx_hal.o
 .debug_macro   0x00013cd7      0x33f Drivers/STM32F4xx_HAL_Driver/Src/stm32f4xx_hal_cortex.o
 .debug_macro   0x00014016      0x33f Drivers/STM32F4xx_HAL_Driver/Src/stm32f4xx_hal_crc.o
 .debug_macro   0x00014355      0x345 Drivers/STM32F4xx_HAL_Driver/Src/stm32f4xx_hal_flash.o
 .debug_macro   0x0001469a      0x345 Drivers/STM32F4xx_HAL_Driver/Src/stm32f4xx_hal_flash_ex.o
 .debug_macro   0x000149df      0x377 Drivers/STM32F4xx_HAL_Driver/Src/stm32f4xx_hal_gpio.o
 .debug_macro   0x00014d56      0x363 Drivers/STM32F4xx_HAL_Driver/Src/stm32f4xx_hal_rcc.o
 .debug_macro   0x000150b9      0x340 Drivers/STM32F4xx_HAL_Driver/Src/stm32f4xx_hal_uart.o
 .debug_macro   0x000153f9      0x34c Src/main.o
 .debug_macro   0x00015745      0x186 Src/main.o
 .debug_macro   0x000158cb      0x33f Src/stm32f4xx_hal_msp.o
 .debug_macro   0x00015c0a      0x349 Src/stm32f4xx_it.o
 .debug_macro   0x00015f53      0x350 Src/system_stm32f4xx.o
 .debug_macro   0x000162a3       0x35 Src/system_stm32f4xx.o

.debug_line     0x00000000     0x7e91
 .debug_line    0x00000000      0xa29 Drivers/STM32F4xx_HAL_Driver/Src/stm32f4xx_hal.o
 .debug_line    0x00000a29      0xa84 Drivers/STM32F4xx_HAL_Driver/Src/stm32f4xx_hal_cortex.o
 .debug_line    0x000014ad      0x946 Drivers/STM32F4xx_HAL_Driver/Src/stm32f4xx_hal_crc.o
 .debug_line    0x00001df3      0xa44 Drivers/STM32F4xx_HAL_Driver/Src/stm32f4xx_hal_flash.o
 .debug_line    0x00002837      0xaa7 Drivers/STM32F4xx_HAL_Driver/Src/stm32f4xx_hal_flash_ex.o
 .debug_line    0x000032de      0x9ae Drivers/STM32F4xx_HAL_Driver/Src/stm32f4xx_hal_gpio.o
 .debug_line    0x00003c8c      0xac0 Drivers/STM32F4xx_HAL_Driver/Src/stm32f4xx_hal_rcc.o
 .debug_line    0x0000474c     0x1154 Drivers/STM32F4xx_HAL_Driver/Src/stm32f4xx_hal_uart.o
 .debug_line    0x000058a0      0xbfb Src/main.o
 .debug_line    0x0000649b      0x8bc Src/stm32f4xx_hal_msp.o
 .debug_line    0x00006d57      0x84b Src/stm32f4xx_it.o
 .debug_line    0x000075a2      0x870 Src/system_stm32f4xx.o
 .debug_line    0x00007e12       0x7f startup/startup_stm32f401xe.o

.debug_str      0x00000000    0x809ae
 .debug_str     0x00000000    0x7e96c Drivers/STM32F4xx_HAL_Driver/Src/stm32f4xx_hal.o
                              0x7ed74 (size before relaxing)
 .debug_str     0x0007e96c      0x3ae Drivers/STM32F4xx_HAL_Driver/Src/stm32f4xx_hal_cortex.o
                              0x7eaa4 (size before relaxing)
 .debug_str     0x0007ed1a      0x1a0 Drivers/STM32F4xx_HAL_Driver/Src/stm32f4xx_hal_crc.o
                              0x7e39a (size before relaxing)
 .debug_str     0x0007eeba      0x2ce Drivers/STM32F4xx_HAL_Driver/Src/stm32f4xx_hal_flash.o
                              0x7e55b (size before relaxing)
 .debug_str     0x0007f188      0x2f8 Drivers/STM32F4xx_HAL_Driver/Src/stm32f4xx_hal_flash_ex.o
                              0x7e684 (size before relaxing)
 .debug_str     0x0007f480      0x287 Drivers/STM32F4xx_HAL_Driver/Src/stm32f4xx_hal_gpio.o
                              0x7e5ab (size before relaxing)
 .debug_str     0x0007f707      0x379 Drivers/STM32F4xx_HAL_Driver/Src/stm32f4xx_hal_rcc.o
                              0x7e775 (size before relaxing)
 .debug_str     0x0007fa80      0x8f8 Drivers/STM32F4xx_HAL_Driver/Src/stm32f4xx_hal_uart.o
                              0x7ebde (size before relaxing)
 .debug_str     0x00080378      0x559 Src/main.o
                              0x7f4bd (size before relaxing)
 .debug_str     0x000808d1       0x1b Src/stm32f4xx_hal_msp.o
                              0x7ebfe (size before relaxing)
 .debug_str     0x000808ec       0x38 Src/stm32f4xx_it.o
                              0x7e1f5 (size before relaxing)
 .debug_str     0x00080924       0x5a Src/system_stm32f4xx.o
                              0x7e367 (size before relaxing)
 .debug_str     0x0008097e       0x30 startup/startup_stm32f401xe.o
                                 0x75 (size before relaxing)

.comment        0x00000000       0x7e
 .comment       0x00000000       0x7e Drivers/STM32F4xx_HAL_Driver/Src/stm32f4xx_hal.o
                                 0x7f (size before relaxing)
 .comment       0x0000007e       0x7f Drivers/STM32F4xx_HAL_Driver/Src/stm32f4xx_hal_cortex.o
 .comment       0x0000007e       0x7f Drivers/STM32F4xx_HAL_Driver/Src/stm32f4xx_hal_crc.o
 .comment       0x0000007e       0x7f Drivers/STM32F4xx_HAL_Driver/Src/stm32f4xx_hal_flash.o
 .comment       0x0000007e       0x7f Drivers/STM32F4xx_HAL_Driver/Src/stm32f4xx_hal_flash_ex.o
 .comment       0x0000007e       0x7f Drivers/STM32F4xx_HAL_Driver/Src/stm32f4xx_hal_gpio.o
 .comment       0x0000007e       0x7f Drivers/STM32F4xx_HAL_Driver/Src/stm32f4xx_hal_rcc.o
 .comment       0x0000007e       0x7f Drivers/STM32F4xx_HAL_Driver/Src/stm32f4xx_hal_uart.o
 .comment       0x0000007e       0x7f Src/main.o
 .comment       0x0000007e       0x7f Src/stm32f4xx_hal_msp.o
 .comment       0x0000007e       0x7f Src/stm32f4xx_it.o
 .comment       0x0000007e       0x7f Src/system_stm32f4xx.o

.debug_frame    0x00000000     0x13a8
 .debug_frame   0x00000000      0x1cc Drivers/STM32F4xx_HAL_Driver/Src/stm32f4xx_hal.o
 .debug_frame   0x000001cc      0x15c Drivers/STM32F4xx_HAL_Driver/Src/stm32f4xx_hal_cortex.o
 .debug_frame   0x00000328       0xb0 Drivers/STM32F4xx_HAL_Driver/Src/stm32f4xx_hal_crc.o
 .debug_frame   0x000003d8      0x164 Drivers/STM32F4xx_HAL_Driver/Src/stm32f4xx_hal_flash.o
 .debug_frame   0x0000053c      0x1e4 Drivers/STM32F4xx_HAL_Driver/Src/stm32f4xx_hal_flash_ex.o
 .debug_frame   0x00000720       0xd8 Drivers/STM32F4xx_HAL_Driver/Src/stm32f4xx_hal_gpio.o
 .debug_frame   0x000007f8      0x184 Drivers/STM32F4xx_HAL_Driver/Src/stm32f4xx_hal_rcc.o
 .debug_frame   0x0000097c      0x4f0 Drivers/STM32F4xx_HAL_Driver/Src/stm32f4xx_hal_uart.o
 .debug_frame   0x00000e6c      0x3a8 Src/main.o
 .debug_frame   0x00001214       0x90 Src/stm32f4xx_hal_msp.o
 .debug_frame   0x000012a4       0x28 Src/stm32f4xx_it.o
 .debug_frame   0x000012cc       0x30 Src/system_stm32f4xx.o
 .debug_frame   0x000012fc       0x2c c:/ac6/systemworkbench/plugins/fr.ac6.mcu.externaltools.arm-none.win32_1.16.0.201807130628/tools/compiler/bin/../lib/gcc/arm-none-eabi/7.2.1/thumb/v7e-m/fpv4-sp/hard\libgcc.a(_aeabi_uldivmod.o)
 .debug_frame   0x00001328       0x34 c:/ac6/systemworkbench/plugins/fr.ac6.mcu.externaltools.arm-none.win32_1.16.0.201807130628/tools/compiler/bin/../lib/gcc/arm-none-eabi/7.2.1/thumb/v7e-m/fpv4-sp/hard\libgcc.a(_udivmoddi4.o)
 .debug_frame   0x0000135c       0x2c c:/ac6/systemworkbench/plugins/fr.ac6.mcu.externaltools.arm-none.win32_1.16.0.201807130628/tools/compiler/bin/../lib/gcc/arm-none-eabi/7.2.1/../../../../arm-none-eabi/lib/thumb/v7e-m/fpv4-sp/hard\libc_nano.a(lib_a-init.o)
 .debug_frame   0x00001388       0x20 c:/ac6/systemworkbench/plugins/fr.ac6.mcu.externaltools.arm-none.win32_1.16.0.201807130628/tools/compiler/bin/../lib/gcc/arm-none-eabi/7.2.1/../../../../arm-none-eabi/lib/thumb/v7e-m/fpv4-sp/hard\libc_nano.a(lib_a-memset.o)
