Component: ARM Compiler 5.06 update 6 (build 750) Tool: armlink [4d35ed]

==============================================================================

Section Cross References

    startup_stm32f401xe.o(RESET) refers to startup_stm32f401xe.o(STACK) for __initial_sp
    startup_stm32f401xe.o(RESET) refers to startup_stm32f401xe.o(.text) for Reset_Handler
    startup_stm32f401xe.o(RESET) refers to stm32f4xx_it.o(i.SysTick_Handler) for SysTick_Handler
    startup_stm32f401xe.o(.text) refers to system_stm32f4xx_1.o(i.SystemInit) for SystemInit
    startup_stm32f401xe.o(.text) refers to entry.o(.ARM.Collect$$$$00000000) for __main
    main.o(i.MX_GPIO_Init) refers to stm32f4xx_hal_gpio_1.o(i.HAL_GPIO_WritePin) for HAL_GPIO_WritePin
    main.o(i.MX_GPIO_Init) refers to stm32f4xx_hal_gpio_1.o(i.HAL_GPIO_Init) for HAL_GPIO_Init
    main.o(i.SystemClock_Config) refers to stm32f4xx_hal_rcc_1.o(i.HAL_RCC_OscConfig) for HAL_RCC_OscConfig
    main.o(i.SystemClock_Config) refers to stm32f4xx_hal_rcc_1.o(i.HAL_RCC_ClockConfig) for HAL_RCC_ClockConfig
    main.o(i.SystemClock_Config) refers to stm32f4xx_hal_rcc_1.o(i.HAL_RCC_GetHCLKFreq) for HAL_RCC_GetHCLKFreq
    main.o(i.SystemClock_Config) refers to stm32f4xx_hal_cortex_1.o(i.HAL_SYSTICK_Config) for HAL_SYSTICK_Config
    main.o(i.SystemClock_Config) refers to stm32f4xx_hal_cortex_1.o(i.HAL_SYSTICK_CLKSourceConfig) for HAL_SYSTICK_CLKSourceConfig
    main.o(i.SystemClock_Config) refers to stm32f4xx_hal_cortex_1.o(i.HAL_NVIC_SetPriority) for HAL_NVIC_SetPriority
    main.o(i.main) refers to stm32f4xx_hal_1.o(i.HAL_Init) for HAL_Init
    main.o(i.main) refers to main.o(i.SystemClock_Config) for SystemClock_Config
    main.o(i.main) refers to main.o(i.MX_GPIO_Init) for MX_GPIO_Init
    main.o(i.main) refers to stm32f4xx_hal_uart_1.o(i.HAL_UART_Init) for HAL_UART_Init
    main.o(i.main) refers to stm32f4xx_hal_crc.o(i.HAL_CRC_Init) for HAL_CRC_Init
    main.o(i.main) refers to led_nucleo_f401re.o(i.LED_Initialize) for LED_Initialize
    main.o(i.main) refers to led_nucleo_f401re.o(i.LED_On) for LED_On
    main.o(i.main) refers to main.o(i.delay) for delay
    main.o(i.main) refers to led_nucleo_f401re.o(i.LED_Off) for LED_Off
    main.o(i.main) refers to main.o(.bss) for .bss
    main.o(i.main) refers to main.o(.data) for .data
    stm32f4xx_it.o(i.SysTick_Handler) refers to stm32f4xx_hal_1.o(i.HAL_IncTick) for HAL_IncTick
    stm32f4xx_it.o(i.SysTick_Handler) refers to stm32f4xx_hal_cortex_1.o(i.HAL_SYSTICK_IRQHandler) for HAL_SYSTICK_IRQHandler
    stm32f4xx_hal_msp.o(i.HAL_MspInit) refers to stm32f4xx_hal_cortex_1.o(i.HAL_NVIC_SetPriorityGrouping) for HAL_NVIC_SetPriorityGrouping
    stm32f4xx_hal_msp.o(i.HAL_MspInit) refers to stm32f4xx_hal_cortex_1.o(i.HAL_NVIC_SetPriority) for HAL_NVIC_SetPriority
    stm32f4xx_hal_msp.o(i.HAL_UART_MspDeInit) refers to stm32f4xx_hal_gpio_1.o(i.HAL_GPIO_DeInit) for HAL_GPIO_DeInit
    stm32f4xx_hal_msp.o(i.HAL_UART_MspInit) refers to stm32f4xx_hal_gpio_1.o(i.HAL_GPIO_Init) for HAL_GPIO_Init
    stm32f4xx_hal_crc.o(i.HAL_CRC_DeInit) refers to stm32f4xx_hal_msp.o(i.HAL_CRC_MspDeInit) for HAL_CRC_MspDeInit
    stm32f4xx_hal_crc.o(i.HAL_CRC_Init) refers to stm32f4xx_hal_msp.o(i.HAL_CRC_MspInit) for HAL_CRC_MspInit
    stm32f4xx_hal_uart_1.o(i.HAL_HalfDuplex_Init) refers to stm32f4xx_hal_msp.o(i.HAL_UART_MspInit) for HAL_UART_MspInit
    stm32f4xx_hal_uart_1.o(i.HAL_HalfDuplex_Init) refers to stm32f4xx_hal_uart_1.o(i.UART_SetConfig) for UART_SetConfig
    stm32f4xx_hal_uart_1.o(i.HAL_LIN_Init) refers to stm32f4xx_hal_msp.o(i.HAL_UART_MspInit) for HAL_UART_MspInit
    stm32f4xx_hal_uart_1.o(i.HAL_LIN_Init) refers to stm32f4xx_hal_uart_1.o(i.UART_SetConfig) for UART_SetConfig
    stm32f4xx_hal_uart_1.o(i.HAL_MultiProcessor_Init) refers to stm32f4xx_hal_msp.o(i.HAL_UART_MspInit) for HAL_UART_MspInit
    stm32f4xx_hal_uart_1.o(i.HAL_MultiProcessor_Init) refers to stm32f4xx_hal_uart_1.o(i.UART_SetConfig) for UART_SetConfig
    stm32f4xx_hal_uart_1.o(i.HAL_UART_Abort) refers to stm32f4xx_hal_dma_1.o(i.HAL_DMA_Abort) for HAL_DMA_Abort
    stm32f4xx_hal_uart_1.o(i.HAL_UART_AbortReceive) refers to stm32f4xx_hal_dma_1.o(i.HAL_DMA_Abort) for HAL_DMA_Abort
    stm32f4xx_hal_uart_1.o(i.HAL_UART_AbortReceive_IT) refers to stm32f4xx_hal_dma_1.o(i.HAL_DMA_Abort_IT) for HAL_DMA_Abort_IT
    stm32f4xx_hal_uart_1.o(i.HAL_UART_AbortReceive_IT) refers to stm32f4xx_hal_uart_1.o(i.HAL_UART_AbortReceiveCpltCallback) for HAL_UART_AbortReceiveCpltCallback
    stm32f4xx_hal_uart_1.o(i.HAL_UART_AbortReceive_IT) refers to stm32f4xx_hal_uart_1.o(i.UART_DMARxOnlyAbortCallback) for UART_DMARxOnlyAbortCallback
    stm32f4xx_hal_uart_1.o(i.HAL_UART_AbortTransmit) refers to stm32f4xx_hal_dma_1.o(i.HAL_DMA_Abort) for HAL_DMA_Abort
    stm32f4xx_hal_uart_1.o(i.HAL_UART_AbortTransmit_IT) refers to stm32f4xx_hal_dma_1.o(i.HAL_DMA_Abort_IT) for HAL_DMA_Abort_IT
    stm32f4xx_hal_uart_1.o(i.HAL_UART_AbortTransmit_IT) refers to stm32f4xx_hal_uart_1.o(i.HAL_UART_AbortTransmitCpltCallback) for HAL_UART_AbortTransmitCpltCallback
    stm32f4xx_hal_uart_1.o(i.HAL_UART_AbortTransmit_IT) refers to stm32f4xx_hal_uart_1.o(i.UART_DMATxOnlyAbortCallback) for UART_DMATxOnlyAbortCallback
    stm32f4xx_hal_uart_1.o(i.HAL_UART_Abort_IT) refers to stm32f4xx_hal_dma_1.o(i.HAL_DMA_Abort_IT) for HAL_DMA_Abort_IT
    stm32f4xx_hal_uart_1.o(i.HAL_UART_Abort_IT) refers to stm32f4xx_hal_uart_1.o(i.HAL_UART_AbortCpltCallback) for HAL_UART_AbortCpltCallback
    stm32f4xx_hal_uart_1.o(i.HAL_UART_Abort_IT) refers to stm32f4xx_hal_uart_1.o(i.UART_DMATxAbortCallback) for UART_DMATxAbortCallback
    stm32f4xx_hal_uart_1.o(i.HAL_UART_Abort_IT) refers to stm32f4xx_hal_uart_1.o(i.UART_DMARxAbortCallback) for UART_DMARxAbortCallback
    stm32f4xx_hal_uart_1.o(i.HAL_UART_DMAStop) refers to stm32f4xx_hal_dma_1.o(i.HAL_DMA_Abort) for HAL_DMA_Abort
    stm32f4xx_hal_uart_1.o(i.HAL_UART_DMAStop) refers to stm32f4xx_hal_uart_1.o(i.UART_EndTxTransfer) for UART_EndTxTransfer
    stm32f4xx_hal_uart_1.o(i.HAL_UART_DMAStop) refers to stm32f4xx_hal_uart_1.o(i.UART_EndRxTransfer) for UART_EndRxTransfer
    stm32f4xx_hal_uart_1.o(i.HAL_UART_DeInit) refers to stm32f4xx_hal_msp.o(i.HAL_UART_MspDeInit) for HAL_UART_MspDeInit
    stm32f4xx_hal_uart_1.o(i.HAL_UART_IRQHandler) refers to stm32f4xx_hal_uart_1.o(i.UART_Receive_IT) for UART_Receive_IT
    stm32f4xx_hal_uart_1.o(i.HAL_UART_IRQHandler) refers to stm32f4xx_hal_uart_1.o(i.UART_EndRxTransfer) for UART_EndRxTransfer
    stm32f4xx_hal_uart_1.o(i.HAL_UART_IRQHandler) refers to stm32f4xx_hal_dma_1.o(i.HAL_DMA_Abort_IT) for HAL_DMA_Abort_IT
    stm32f4xx_hal_uart_1.o(i.HAL_UART_IRQHandler) refers to stm32f4xx_hal_uart_1.o(i.HAL_UART_ErrorCallback) for HAL_UART_ErrorCallback
    stm32f4xx_hal_uart_1.o(i.HAL_UART_IRQHandler) refers to stm32f4xx_hal_uart_1.o(i.UART_Transmit_IT) for UART_Transmit_IT
    stm32f4xx_hal_uart_1.o(i.HAL_UART_IRQHandler) refers to stm32f4xx_hal_uart_1.o(i.HAL_UART_TxCpltCallback) for HAL_UART_TxCpltCallback
    stm32f4xx_hal_uart_1.o(i.HAL_UART_IRQHandler) refers to stm32f4xx_hal_uart_1.o(i.UART_DMAAbortOnError) for UART_DMAAbortOnError
    stm32f4xx_hal_uart_1.o(i.HAL_UART_Init) refers to stm32f4xx_hal_msp.o(i.HAL_UART_MspInit) for HAL_UART_MspInit
    stm32f4xx_hal_uart_1.o(i.HAL_UART_Init) refers to stm32f4xx_hal_uart_1.o(i.UART_SetConfig) for UART_SetConfig
    stm32f4xx_hal_uart_1.o(i.HAL_UART_Receive) refers to stm32f4xx_hal_1.o(i.HAL_GetTick) for HAL_GetTick
    stm32f4xx_hal_uart_1.o(i.HAL_UART_Receive) refers to stm32f4xx_hal_uart_1.o(i.UART_WaitOnFlagUntilTimeout) for UART_WaitOnFlagUntilTimeout
    stm32f4xx_hal_uart_1.o(i.HAL_UART_Receive_DMA) refers to stm32f4xx_hal_dma_1.o(i.HAL_DMA_Start_IT) for HAL_DMA_Start_IT
    stm32f4xx_hal_uart_1.o(i.HAL_UART_Receive_DMA) refers to stm32f4xx_hal_uart_1.o(i.UART_DMAReceiveCplt) for UART_DMAReceiveCplt
    stm32f4xx_hal_uart_1.o(i.HAL_UART_Receive_DMA) refers to stm32f4xx_hal_uart_1.o(i.UART_DMARxHalfCplt) for UART_DMARxHalfCplt
    stm32f4xx_hal_uart_1.o(i.HAL_UART_Receive_DMA) refers to stm32f4xx_hal_uart_1.o(i.UART_DMAError) for UART_DMAError
    stm32f4xx_hal_uart_1.o(i.HAL_UART_Transmit) refers to stm32f4xx_hal_1.o(i.HAL_GetTick) for HAL_GetTick
    stm32f4xx_hal_uart_1.o(i.HAL_UART_Transmit) refers to stm32f4xx_hal_uart_1.o(i.UART_WaitOnFlagUntilTimeout) for UART_WaitOnFlagUntilTimeout
    stm32f4xx_hal_uart_1.o(i.HAL_UART_Transmit_DMA) refers to stm32f4xx_hal_dma_1.o(i.HAL_DMA_Start_IT) for HAL_DMA_Start_IT
    stm32f4xx_hal_uart_1.o(i.HAL_UART_Transmit_DMA) refers to stm32f4xx_hal_uart_1.o(i.UART_DMATransmitCplt) for UART_DMATransmitCplt
    stm32f4xx_hal_uart_1.o(i.HAL_UART_Transmit_DMA) refers to stm32f4xx_hal_uart_1.o(i.UART_DMATxHalfCplt) for UART_DMATxHalfCplt
    stm32f4xx_hal_uart_1.o(i.HAL_UART_Transmit_DMA) refers to stm32f4xx_hal_uart_1.o(i.UART_DMAError) for UART_DMAError
    stm32f4xx_hal_uart_1.o(i.UART_DMAAbortOnError) refers to stm32f4xx_hal_uart_1.o(i.HAL_UART_ErrorCallback) for HAL_UART_ErrorCallback
    stm32f4xx_hal_uart_1.o(i.UART_DMAError) refers to stm32f4xx_hal_uart_1.o(i.UART_EndTxTransfer) for UART_EndTxTransfer
    stm32f4xx_hal_uart_1.o(i.UART_DMAError) refers to stm32f4xx_hal_uart_1.o(i.UART_EndRxTransfer) for UART_EndRxTransfer
    stm32f4xx_hal_uart_1.o(i.UART_DMAError) refers to stm32f4xx_hal_uart_1.o(i.HAL_UART_ErrorCallback) for HAL_UART_ErrorCallback
    stm32f4xx_hal_uart_1.o(i.UART_DMAReceiveCplt) refers to stm32f4xx_hal_uart_1.o(i.HAL_UART_RxCpltCallback) for HAL_UART_RxCpltCallback
    stm32f4xx_hal_uart_1.o(i.UART_DMARxAbortCallback) refers to stm32f4xx_hal_uart_1.o(i.HAL_UART_AbortCpltCallback) for HAL_UART_AbortCpltCallback
    stm32f4xx_hal_uart_1.o(i.UART_DMARxHalfCplt) refers to stm32f4xx_hal_uart_1.o(i.HAL_UART_RxHalfCpltCallback) for HAL_UART_RxHalfCpltCallback
    stm32f4xx_hal_uart_1.o(i.UART_DMARxOnlyAbortCallback) refers to stm32f4xx_hal_uart_1.o(i.HAL_UART_AbortReceiveCpltCallback) for HAL_UART_AbortReceiveCpltCallback
    stm32f4xx_hal_uart_1.o(i.UART_DMATransmitCplt) refers to stm32f4xx_hal_uart_1.o(i.HAL_UART_TxCpltCallback) for HAL_UART_TxCpltCallback
    stm32f4xx_hal_uart_1.o(i.UART_DMATxAbortCallback) refers to stm32f4xx_hal_uart_1.o(i.HAL_UART_AbortCpltCallback) for HAL_UART_AbortCpltCallback
    stm32f4xx_hal_uart_1.o(i.UART_DMATxHalfCplt) refers to stm32f4xx_hal_uart_1.o(i.HAL_UART_TxHalfCpltCallback) for HAL_UART_TxHalfCpltCallback
    stm32f4xx_hal_uart_1.o(i.UART_DMATxOnlyAbortCallback) refers to stm32f4xx_hal_uart_1.o(i.HAL_UART_AbortTransmitCpltCallback) for HAL_UART_AbortTransmitCpltCallback
    stm32f4xx_hal_uart_1.o(i.UART_Receive_IT) refers to stm32f4xx_hal_uart_1.o(i.HAL_UART_RxCpltCallback) for HAL_UART_RxCpltCallback
    stm32f4xx_hal_uart_1.o(i.UART_SetConfig) refers to stm32f4xx_hal_rcc_1.o(i.HAL_RCC_GetPCLK2Freq) for HAL_RCC_GetPCLK2Freq
    stm32f4xx_hal_uart_1.o(i.UART_SetConfig) refers to stm32f4xx_hal_rcc_1.o(i.HAL_RCC_GetPCLK1Freq) for HAL_RCC_GetPCLK1Freq
    stm32f4xx_hal_uart_1.o(i.UART_WaitOnFlagUntilTimeout) refers to stm32f4xx_hal_1.o(i.HAL_GetTick) for HAL_GetTick
    stm32f4xx_hal_rcc_1.o(i.HAL_RCC_ClockConfig) refers to stm32f4xx_hal_1.o(i.HAL_GetTick) for HAL_GetTick
    stm32f4xx_hal_rcc_1.o(i.HAL_RCC_ClockConfig) refers to stm32f4xx_hal_rcc_1.o(i.HAL_RCC_GetSysClockFreq) for HAL_RCC_GetSysClockFreq
    stm32f4xx_hal_rcc_1.o(i.HAL_RCC_ClockConfig) refers to stm32f4xx_hal_1.o(i.HAL_InitTick) for HAL_InitTick
    stm32f4xx_hal_rcc_1.o(i.HAL_RCC_ClockConfig) refers to system_stm32f4xx_1.o(.constdata) for AHBPrescTable
    stm32f4xx_hal_rcc_1.o(i.HAL_RCC_ClockConfig) refers to system_stm32f4xx_1.o(.data) for SystemCoreClock
    stm32f4xx_hal_rcc_1.o(i.HAL_RCC_GetHCLKFreq) refers to system_stm32f4xx_1.o(.data) for SystemCoreClock
    stm32f4xx_hal_rcc_1.o(i.HAL_RCC_GetPCLK1Freq) refers to system_stm32f4xx_1.o(.data) for SystemCoreClock
    stm32f4xx_hal_rcc_1.o(i.HAL_RCC_GetPCLK1Freq) refers to system_stm32f4xx_1.o(.constdata) for APBPrescTable
    stm32f4xx_hal_rcc_1.o(i.HAL_RCC_GetPCLK2Freq) refers to system_stm32f4xx_1.o(.data) for SystemCoreClock
    stm32f4xx_hal_rcc_1.o(i.HAL_RCC_GetPCLK2Freq) refers to system_stm32f4xx_1.o(.constdata) for APBPrescTable
    stm32f4xx_hal_rcc_1.o(i.HAL_RCC_GetSysClockFreq) refers to uldiv.o(.text) for __aeabi_uldivmod
    stm32f4xx_hal_rcc_1.o(i.HAL_RCC_MCOConfig) refers to stm32f4xx_hal_gpio_1.o(i.HAL_GPIO_Init) for HAL_GPIO_Init
    stm32f4xx_hal_rcc_1.o(i.HAL_RCC_NMI_IRQHandler) refers to stm32f4xx_hal_rcc_1.o(i.HAL_RCC_CSSCallback) for HAL_RCC_CSSCallback
    stm32f4xx_hal_rcc_1.o(i.HAL_RCC_OscConfig) refers to stm32f4xx_hal_1.o(i.HAL_GetTick) for HAL_GetTick
    stm32f4xx_hal_rcc_ex_1.o(i.HAL_RCCEx_DisablePLLI2S) refers to stm32f4xx_hal_1.o(i.HAL_GetTick) for HAL_GetTick
    stm32f4xx_hal_rcc_ex_1.o(i.HAL_RCCEx_EnablePLLI2S) refers to stm32f4xx_hal_1.o(i.HAL_GetTick) for HAL_GetTick
    stm32f4xx_hal_rcc_ex_1.o(i.HAL_RCCEx_PeriphCLKConfig) refers to stm32f4xx_hal_1.o(i.HAL_GetTick) for HAL_GetTick
    stm32f4xx_hal_rcc_ex_1.o(i.HAL_RCC_DeInit) refers to stm32f4xx_hal_1.o(i.HAL_GetTick) for HAL_GetTick
    stm32f4xx_hal_rcc_ex_1.o(i.HAL_RCC_DeInit) refers to stm32f4xx_hal_1.o(i.HAL_InitTick) for HAL_InitTick
    stm32f4xx_hal_rcc_ex_1.o(i.HAL_RCC_DeInit) refers to system_stm32f4xx_1.o(.data) for SystemCoreClock
    stm32f4xx_hal_flash.o(i.FLASH_SetErrorCode) refers to stm32f4xx_hal_flash.o(.bss) for .bss
    stm32f4xx_hal_flash.o(i.FLASH_WaitForLastOperation) refers to stm32f4xx_hal_1.o(i.HAL_GetTick) for HAL_GetTick
    stm32f4xx_hal_flash.o(i.FLASH_WaitForLastOperation) refers to stm32f4xx_hal_flash.o(i.FLASH_SetErrorCode) for FLASH_SetErrorCode
    stm32f4xx_hal_flash.o(i.FLASH_WaitForLastOperation) refers to stm32f4xx_hal_flash.o(.bss) for .bss
    stm32f4xx_hal_flash.o(i.HAL_FLASH_GetError) refers to stm32f4xx_hal_flash.o(.bss) for .bss
    stm32f4xx_hal_flash.o(i.HAL_FLASH_IRQHandler) refers to stm32f4xx_hal_flash.o(i.FLASH_SetErrorCode) for FLASH_SetErrorCode
    stm32f4xx_hal_flash.o(i.HAL_FLASH_IRQHandler) refers to stm32f4xx_hal_flash.o(i.HAL_FLASH_OperationErrorCallback) for HAL_FLASH_OperationErrorCallback
    stm32f4xx_hal_flash.o(i.HAL_FLASH_IRQHandler) refers to stm32f4xx_hal_flash.o(i.HAL_FLASH_EndOfOperationCallback) for HAL_FLASH_EndOfOperationCallback
    stm32f4xx_hal_flash.o(i.HAL_FLASH_IRQHandler) refers to stm32f4xx_hal_flash_ex.o(i.FLASH_Erase_Sector) for FLASH_Erase_Sector
    stm32f4xx_hal_flash.o(i.HAL_FLASH_IRQHandler) refers to stm32f4xx_hal_flash_ex.o(i.FLASH_FlushCaches) for FLASH_FlushCaches
    stm32f4xx_hal_flash.o(i.HAL_FLASH_IRQHandler) refers to stm32f4xx_hal_flash.o(.bss) for .bss
    stm32f4xx_hal_flash.o(i.HAL_FLASH_OB_Launch) refers to stm32f4xx_hal_flash.o(i.FLASH_WaitForLastOperation) for FLASH_WaitForLastOperation
    stm32f4xx_hal_flash.o(i.HAL_FLASH_Program) refers to stm32f4xx_hal_flash.o(i.FLASH_WaitForLastOperation) for FLASH_WaitForLastOperation
    stm32f4xx_hal_flash.o(i.HAL_FLASH_Program) refers to stm32f4xx_hal_flash.o(i.FLASH_Program_DoubleWord) for FLASH_Program_DoubleWord
    stm32f4xx_hal_flash.o(i.HAL_FLASH_Program) refers to stm32f4xx_hal_flash.o(i.FLASH_Program_Byte) for FLASH_Program_Byte
    stm32f4xx_hal_flash.o(i.HAL_FLASH_Program) refers to stm32f4xx_hal_flash.o(i.FLASH_Program_HalfWord) for FLASH_Program_HalfWord
    stm32f4xx_hal_flash.o(i.HAL_FLASH_Program) refers to stm32f4xx_hal_flash.o(i.FLASH_Program_Word) for FLASH_Program_Word
    stm32f4xx_hal_flash.o(i.HAL_FLASH_Program) refers to stm32f4xx_hal_flash.o(.bss) for .bss
    stm32f4xx_hal_flash.o(i.HAL_FLASH_Program_IT) refers to stm32f4xx_hal_flash.o(i.FLASH_Program_DoubleWord) for FLASH_Program_DoubleWord
    stm32f4xx_hal_flash.o(i.HAL_FLASH_Program_IT) refers to stm32f4xx_hal_flash.o(i.FLASH_Program_Byte) for FLASH_Program_Byte
    stm32f4xx_hal_flash.o(i.HAL_FLASH_Program_IT) refers to stm32f4xx_hal_flash.o(i.FLASH_Program_HalfWord) for FLASH_Program_HalfWord
    stm32f4xx_hal_flash.o(i.HAL_FLASH_Program_IT) refers to stm32f4xx_hal_flash.o(i.FLASH_Program_Word) for FLASH_Program_Word
    stm32f4xx_hal_flash.o(i.HAL_FLASH_Program_IT) refers to stm32f4xx_hal_flash.o(.bss) for .bss
    stm32f4xx_hal_flash_ex.o(i.HAL_FLASHEx_AdvOBProgram) refers to stm32f4xx_hal_flash.o(i.FLASH_WaitForLastOperation) for FLASH_WaitForLastOperation
    stm32f4xx_hal_flash_ex.o(i.HAL_FLASHEx_Erase) refers to stm32f4xx_hal_flash.o(i.FLASH_WaitForLastOperation) for FLASH_WaitForLastOperation
    stm32f4xx_hal_flash_ex.o(i.HAL_FLASHEx_Erase) refers to stm32f4xx_hal_flash_ex.o(i.FLASH_MassErase) for FLASH_MassErase
    stm32f4xx_hal_flash_ex.o(i.HAL_FLASHEx_Erase) refers to stm32f4xx_hal_flash_ex.o(i.FLASH_Erase_Sector) for FLASH_Erase_Sector
    stm32f4xx_hal_flash_ex.o(i.HAL_FLASHEx_Erase) refers to stm32f4xx_hal_flash_ex.o(i.FLASH_FlushCaches) for FLASH_FlushCaches
    stm32f4xx_hal_flash_ex.o(i.HAL_FLASHEx_Erase) refers to stm32f4xx_hal_flash.o(.bss) for pFlash
    stm32f4xx_hal_flash_ex.o(i.HAL_FLASHEx_Erase_IT) refers to stm32f4xx_hal_flash_ex.o(i.FLASH_Erase_Sector) for FLASH_Erase_Sector
    stm32f4xx_hal_flash_ex.o(i.HAL_FLASHEx_Erase_IT) refers to stm32f4xx_hal_flash_ex.o(i.FLASH_MassErase) for FLASH_MassErase
    stm32f4xx_hal_flash_ex.o(i.HAL_FLASHEx_Erase_IT) refers to stm32f4xx_hal_flash.o(.bss) for pFlash
    stm32f4xx_hal_flash_ex.o(i.HAL_FLASHEx_OBProgram) refers to stm32f4xx_hal_flash.o(i.FLASH_WaitForLastOperation) for FLASH_WaitForLastOperation
    stm32f4xx_hal_flash_ex.o(i.HAL_FLASHEx_OBProgram) refers to stm32f4xx_hal_flash.o(.bss) for pFlash
    stm32f4xx_hal_gpio_1.o(i.HAL_GPIO_EXTI_IRQHandler) refers to stm32f4xx_hal_gpio_1.o(i.HAL_GPIO_EXTI_Callback) for HAL_GPIO_EXTI_Callback
    stm32f4xx_hal_dma_ex_1.o(i.HAL_DMAEx_MultiBufferStart) refers to stm32f4xx_hal_dma_ex_1.o(i.DMA_MultiBufferSetConfig) for DMA_MultiBufferSetConfig
    stm32f4xx_hal_dma_ex_1.o(i.HAL_DMAEx_MultiBufferStart_IT) refers to stm32f4xx_hal_dma_ex_1.o(i.DMA_MultiBufferSetConfig) for DMA_MultiBufferSetConfig
    stm32f4xx_hal_dma_1.o(i.DMA_CalcBaseAndBitshift) refers to stm32f4xx_hal_dma_1.o(.constdata) for .constdata
    stm32f4xx_hal_dma_1.o(i.HAL_DMA_Abort) refers to stm32f4xx_hal_1.o(i.HAL_GetTick) for HAL_GetTick
    stm32f4xx_hal_dma_1.o(i.HAL_DMA_DeInit) refers to stm32f4xx_hal_dma_1.o(i.DMA_CalcBaseAndBitshift) for DMA_CalcBaseAndBitshift
    stm32f4xx_hal_dma_1.o(i.HAL_DMA_IRQHandler) refers to system_stm32f4xx_1.o(.data) for SystemCoreClock
    stm32f4xx_hal_dma_1.o(i.HAL_DMA_Init) refers to stm32f4xx_hal_1.o(i.HAL_GetTick) for HAL_GetTick
    stm32f4xx_hal_dma_1.o(i.HAL_DMA_Init) refers to stm32f4xx_hal_dma_1.o(i.DMA_CheckFifoParam) for DMA_CheckFifoParam
    stm32f4xx_hal_dma_1.o(i.HAL_DMA_Init) refers to stm32f4xx_hal_dma_1.o(i.DMA_CalcBaseAndBitshift) for DMA_CalcBaseAndBitshift
    stm32f4xx_hal_dma_1.o(i.HAL_DMA_PollForTransfer) refers to stm32f4xx_hal_1.o(i.HAL_GetTick) for HAL_GetTick
    stm32f4xx_hal_dma_1.o(i.HAL_DMA_PollForTransfer) refers to stm32f4xx_hal_dma_1.o(i.HAL_DMA_Abort) for HAL_DMA_Abort
    stm32f4xx_hal_dma_1.o(i.HAL_DMA_Start) refers to stm32f4xx_hal_dma_1.o(i.DMA_SetConfig) for DMA_SetConfig
    stm32f4xx_hal_dma_1.o(i.HAL_DMA_Start_IT) refers to stm32f4xx_hal_dma_1.o(i.DMA_SetConfig) for DMA_SetConfig
    stm32f4xx_hal_pwr_1.o(i.HAL_PWR_PVD_IRQHandler) refers to stm32f4xx_hal_pwr_1.o(i.HAL_PWR_PVDCallback) for HAL_PWR_PVDCallback
    stm32f4xx_hal_pwr_ex_1.o(i.HAL_PWREx_ControlVoltageScaling) refers to stm32f4xx_hal_1.o(i.HAL_GetTick) for HAL_GetTick
    stm32f4xx_hal_pwr_ex_1.o(i.HAL_PWREx_DisableBkUpReg) refers to stm32f4xx_hal_1.o(i.HAL_GetTick) for HAL_GetTick
    stm32f4xx_hal_pwr_ex_1.o(i.HAL_PWREx_EnableBkUpReg) refers to stm32f4xx_hal_1.o(i.HAL_GetTick) for HAL_GetTick
    stm32f4xx_hal_cortex_1.o(i.HAL_NVIC_SetPriority) refers to stm32f4xx_hal_cortex_1.o(i.NVIC_SetPriority) for NVIC_SetPriority
    stm32f4xx_hal_cortex_1.o(i.HAL_SYSTICK_Config) refers to stm32f4xx_hal_cortex_1.o(i.NVIC_SetPriority) for NVIC_SetPriority
    stm32f4xx_hal_cortex_1.o(i.HAL_SYSTICK_IRQHandler) refers to stm32f4xx_hal_cortex_1.o(i.HAL_SYSTICK_Callback) for HAL_SYSTICK_Callback
    stm32f4xx_hal_1.o(i.HAL_DeInit) refers to stm32f4xx_hal_1.o(i.HAL_MspDeInit) for HAL_MspDeInit
    stm32f4xx_hal_1.o(i.HAL_Delay) refers to stm32f4xx_hal_1.o(i.HAL_GetTick) for HAL_GetTick
    stm32f4xx_hal_1.o(i.HAL_Delay) refers to stm32f4xx_hal_1.o(.data) for .data
    stm32f4xx_hal_1.o(i.HAL_GetTick) refers to stm32f4xx_hal_1.o(.data) for .data
    stm32f4xx_hal_1.o(i.HAL_GetTickFreq) refers to stm32f4xx_hal_1.o(.data) for .data
    stm32f4xx_hal_1.o(i.HAL_GetTickPrio) refers to stm32f4xx_hal_1.o(.data) for .data
    stm32f4xx_hal_1.o(i.HAL_IncTick) refers to stm32f4xx_hal_1.o(.data) for .data
    stm32f4xx_hal_1.o(i.HAL_Init) refers to stm32f4xx_hal_cortex_1.o(i.HAL_NVIC_SetPriorityGrouping) for HAL_NVIC_SetPriorityGrouping
    stm32f4xx_hal_1.o(i.HAL_Init) refers to stm32f4xx_hal_1.o(i.HAL_InitTick) for HAL_InitTick
    stm32f4xx_hal_1.o(i.HAL_Init) refers to stm32f4xx_hal_msp.o(i.HAL_MspInit) for HAL_MspInit
    stm32f4xx_hal_1.o(i.HAL_InitTick) refers to stm32f4xx_hal_cortex_1.o(i.HAL_SYSTICK_Config) for HAL_SYSTICK_Config
    stm32f4xx_hal_1.o(i.HAL_InitTick) refers to stm32f4xx_hal_cortex_1.o(i.HAL_NVIC_SetPriority) for HAL_NVIC_SetPriority
    stm32f4xx_hal_1.o(i.HAL_InitTick) refers to stm32f4xx_hal_1.o(.data) for .data
    stm32f4xx_hal_1.o(i.HAL_InitTick) refers to system_stm32f4xx_1.o(.data) for SystemCoreClock
    stm32f4xx_hal_1.o(i.HAL_SetTickFreq) refers to stm32f4xx_hal_1.o(i.HAL_InitTick) for HAL_InitTick
    stm32f4xx_hal_1.o(i.HAL_SetTickFreq) refers to stm32f4xx_hal_1.o(.data) for .data
    system_stm32f4xx_1.o(i.SystemCoreClockUpdate) refers to system_stm32f4xx_1.o(.data) for .data
    system_stm32f4xx_1.o(i.SystemCoreClockUpdate) refers to system_stm32f4xx_1.o(.constdata) for .constdata
    led_nucleo_f401re.o(i.LED_Off) refers to led_nucleo_f401re.o(.constdata) for .constdata
    led_nucleo_f401re.o(i.LED_On) refers to led_nucleo_f401re.o(.constdata) for .constdata
    led_nucleo_f401re.o(i.LED_SetOut) refers to led_nucleo_f401re.o(i.LED_On) for LED_On
    led_nucleo_f401re.o(i.LED_SetOut) refers to led_nucleo_f401re.o(i.LED_Off) for LED_Off
    entry.o(.ARM.Collect$$$$00000000) refers (Special) to entry10a.o(.ARM.Collect$$$$0000000D) for __rt_final_cpp
    entry.o(.ARM.Collect$$$$00000000) refers (Special) to entry11a.o(.ARM.Collect$$$$0000000F) for __rt_final_exit
    entry.o(.ARM.Collect$$$$00000000) refers (Special) to entry7b.o(.ARM.Collect$$$$00000008) for _main_clock
    entry.o(.ARM.Collect$$$$00000000) refers (Special) to entry8b.o(.ARM.Collect$$$$0000000A) for _main_cpp_init
    entry.o(.ARM.Collect$$$$00000000) refers (Special) to entry9a.o(.ARM.Collect$$$$0000000B) for _main_init
    entry.o(.ARM.Collect$$$$00000000) refers (Special) to entry5.o(.ARM.Collect$$$$00000004) for _main_scatterload
    entry.o(.ARM.Collect$$$$00000000) refers (Special) to entry2.o(.ARM.Collect$$$$00000001) for _main_stk
    uldiv.o(.text) refers to llushr.o(.text) for __aeabi_llsr
    uldiv.o(.text) refers to llshl.o(.text) for __aeabi_llsl
    entry2.o(.ARM.Collect$$$$00000001) refers to entry2.o(.ARM.Collect$$$$00002712) for __lit__00000000
    entry2.o(.ARM.Collect$$$$00002712) refers to startup_stm32f401xe.o(STACK) for __initial_sp
    entry2.o(__vectab_stack_and_reset_area) refers to startup_stm32f401xe.o(STACK) for __initial_sp
    entry2.o(__vectab_stack_and_reset_area) refers to entry.o(.ARM.Collect$$$$00000000) for __main
    entry5.o(.ARM.Collect$$$$00000004) refers to init.o(.text) for __scatterload
    entry9a.o(.ARM.Collect$$$$0000000B) refers to main.o(i.main) for main
    entry9b.o(.ARM.Collect$$$$0000000C) refers to main.o(i.main) for main
    init.o(.text) refers to entry5.o(.ARM.Collect$$$$00000004) for __main_after_scatterload


==============================================================================

Removing Unused input sections from the image.

    Removing startup_stm32f401xe.o(HEAP), (512 bytes).
    Removing main.o(.rev16_text), (4 bytes).
    Removing main.o(.revsh_text), (4 bytes).
    Removing main.o(.rrx_text), (6 bytes).
    Removing main.o(i._Error_Handler), (2 bytes).
    Removing stm32f4xx_it.o(.rev16_text), (4 bytes).
    Removing stm32f4xx_it.o(.revsh_text), (4 bytes).
    Removing stm32f4xx_it.o(.rrx_text), (6 bytes).
    Removing stm32f4xx_hal_msp.o(.rev16_text), (4 bytes).
    Removing stm32f4xx_hal_msp.o(.revsh_text), (4 bytes).
    Removing stm32f4xx_hal_msp.o(.rrx_text), (6 bytes).
    Removing stm32f4xx_hal_msp.o(i.HAL_CRC_MspDeInit), (28 bytes).
    Removing stm32f4xx_hal_msp.o(i.HAL_UART_MspDeInit), (68 bytes).
    Removing stm32f4xx_hal_crc.o(.rev16_text), (4 bytes).
    Removing stm32f4xx_hal_crc.o(.revsh_text), (4 bytes).
    Removing stm32f4xx_hal_crc.o(.rrx_text), (6 bytes).
    Removing stm32f4xx_hal_crc.o(i.HAL_CRC_Accumulate), (50 bytes).
    Removing stm32f4xx_hal_crc.o(i.HAL_CRC_Calculate), (62 bytes).
    Removing stm32f4xx_hal_crc.o(i.HAL_CRC_DeInit), (28 bytes).
    Removing stm32f4xx_hal_crc.o(i.HAL_CRC_GetState), (4 bytes).
    Removing stm32f4xx_hal_crc.o(i.HAL_CRC_MspDeInit), (2 bytes).
    Removing stm32f4xx_hal_crc.o(i.HAL_CRC_MspInit), (2 bytes).
    Removing stm32f4xx_hal_tim.o(.rev16_text), (4 bytes).
    Removing stm32f4xx_hal_tim.o(.revsh_text), (4 bytes).
    Removing stm32f4xx_hal_tim.o(.rrx_text), (6 bytes).
    Removing stm32f4xx_hal_tim_ex.o(.rev16_text), (4 bytes).
    Removing stm32f4xx_hal_tim_ex.o(.revsh_text), (4 bytes).
    Removing stm32f4xx_hal_tim_ex.o(.rrx_text), (6 bytes).
    Removing stm32f4xx_hal_uart_1.o(.rev16_text), (4 bytes).
    Removing stm32f4xx_hal_uart_1.o(.revsh_text), (4 bytes).
    Removing stm32f4xx_hal_uart_1.o(.rrx_text), (6 bytes).
    Removing stm32f4xx_hal_uart_1.o(i.HAL_HalfDuplex_EnableReceiver), (50 bytes).
    Removing stm32f4xx_hal_uart_1.o(i.HAL_HalfDuplex_EnableTransmitter), (50 bytes).
    Removing stm32f4xx_hal_uart_1.o(i.HAL_HalfDuplex_Init), (108 bytes).
    Removing stm32f4xx_hal_uart_1.o(i.HAL_LIN_Init), (128 bytes).
    Removing stm32f4xx_hal_uart_1.o(i.HAL_LIN_SendBreak), (46 bytes).
    Removing stm32f4xx_hal_uart_1.o(i.HAL_MultiProcessor_EnterMuteMode), (46 bytes).
    Removing stm32f4xx_hal_uart_1.o(i.HAL_MultiProcessor_ExitMuteMode), (46 bytes).
    Removing stm32f4xx_hal_uart_1.o(i.HAL_MultiProcessor_Init), (142 bytes).
    Removing stm32f4xx_hal_uart_1.o(i.HAL_UART_Abort), (104 bytes).
    Removing stm32f4xx_hal_uart_1.o(i.HAL_UART_AbortCpltCallback), (2 bytes).
    Removing stm32f4xx_hal_uart_1.o(i.HAL_UART_AbortReceive), (68 bytes).
    Removing stm32f4xx_hal_uart_1.o(i.HAL_UART_AbortReceiveCpltCallback), (2 bytes).
    Removing stm32f4xx_hal_uart_1.o(i.HAL_UART_AbortReceive_IT), (92 bytes).
    Removing stm32f4xx_hal_uart_1.o(i.HAL_UART_AbortTransmit), (58 bytes).
    Removing stm32f4xx_hal_uart_1.o(i.HAL_UART_AbortTransmitCpltCallback), (2 bytes).
    Removing stm32f4xx_hal_uart_1.o(i.HAL_UART_AbortTransmit_IT), (84 bytes).
    Removing stm32f4xx_hal_uart_1.o(i.HAL_UART_Abort_IT), (172 bytes).
    Removing stm32f4xx_hal_uart_1.o(i.HAL_UART_DMAPause), (102 bytes).
    Removing stm32f4xx_hal_uart_1.o(i.HAL_UART_DMAResume), (94 bytes).
    Removing stm32f4xx_hal_uart_1.o(i.HAL_UART_DMAStop), (88 bytes).
    Removing stm32f4xx_hal_uart_1.o(i.HAL_UART_DeInit), (40 bytes).
    Removing stm32f4xx_hal_uart_1.o(i.HAL_UART_ErrorCallback), (2 bytes).
    Removing stm32f4xx_hal_uart_1.o(i.HAL_UART_GetError), (4 bytes).
    Removing stm32f4xx_hal_uart_1.o(i.HAL_UART_GetState), (10 bytes).
    Removing stm32f4xx_hal_uart_1.o(i.HAL_UART_IRQHandler), (272 bytes).
    Removing stm32f4xx_hal_uart_1.o(i.HAL_UART_MspDeInit), (2 bytes).
    Removing stm32f4xx_hal_uart_1.o(i.HAL_UART_MspInit), (2 bytes).
    Removing stm32f4xx_hal_uart_1.o(i.HAL_UART_Receive), (184 bytes).
    Removing stm32f4xx_hal_uart_1.o(i.HAL_UART_Receive_DMA), (152 bytes).
    Removing stm32f4xx_hal_uart_1.o(i.HAL_UART_Receive_IT), (72 bytes).
    Removing stm32f4xx_hal_uart_1.o(i.HAL_UART_RxCpltCallback), (2 bytes).
    Removing stm32f4xx_hal_uart_1.o(i.HAL_UART_RxHalfCpltCallback), (2 bytes).
    Removing stm32f4xx_hal_uart_1.o(i.HAL_UART_Transmit), (186 bytes).
    Removing stm32f4xx_hal_uart_1.o(i.HAL_UART_Transmit_DMA), (128 bytes).
    Removing stm32f4xx_hal_uart_1.o(i.HAL_UART_Transmit_IT), (62 bytes).
    Removing stm32f4xx_hal_uart_1.o(i.HAL_UART_TxCpltCallback), (2 bytes).
    Removing stm32f4xx_hal_uart_1.o(i.HAL_UART_TxHalfCpltCallback), (2 bytes).
    Removing stm32f4xx_hal_uart_1.o(i.UART_DMAAbortOnError), (16 bytes).
    Removing stm32f4xx_hal_uart_1.o(i.UART_DMAError), (74 bytes).
    Removing stm32f4xx_hal_uart_1.o(i.UART_DMAReceiveCplt), (60 bytes).
    Removing stm32f4xx_hal_uart_1.o(i.UART_DMARxAbortCallback), (42 bytes).
    Removing stm32f4xx_hal_uart_1.o(i.UART_DMARxHalfCplt), (10 bytes).
    Removing stm32f4xx_hal_uart_1.o(i.UART_DMARxOnlyAbortCallback), (20 bytes).
    Removing stm32f4xx_hal_uart_1.o(i.UART_DMATransmitCplt), (46 bytes).
    Removing stm32f4xx_hal_uart_1.o(i.UART_DMATxAbortCallback), (42 bytes).
    Removing stm32f4xx_hal_uart_1.o(i.UART_DMATxHalfCplt), (10 bytes).
    Removing stm32f4xx_hal_uart_1.o(i.UART_DMATxOnlyAbortCallback), (20 bytes).
    Removing stm32f4xx_hal_uart_1.o(i.UART_EndRxTransfer), (28 bytes).
    Removing stm32f4xx_hal_uart_1.o(i.UART_EndTxTransfer), (18 bytes).
    Removing stm32f4xx_hal_uart_1.o(i.UART_Receive_IT), (140 bytes).
    Removing stm32f4xx_hal_uart_1.o(i.UART_Transmit_IT), (98 bytes).
    Removing stm32f4xx_hal_uart_1.o(i.UART_WaitOnFlagUntilTimeout), (100 bytes).
    Removing stm32f4xx_hal_rcc_1.o(.rev16_text), (4 bytes).
    Removing stm32f4xx_hal_rcc_1.o(.revsh_text), (4 bytes).
    Removing stm32f4xx_hal_rcc_1.o(.rrx_text), (6 bytes).
    Removing stm32f4xx_hal_rcc_1.o(i.HAL_RCC_CSSCallback), (2 bytes).
    Removing stm32f4xx_hal_rcc_1.o(i.HAL_RCC_DeInit), (4 bytes).
    Removing stm32f4xx_hal_rcc_1.o(i.HAL_RCC_DisableCSS), (12 bytes).
    Removing stm32f4xx_hal_rcc_1.o(i.HAL_RCC_EnableCSS), (12 bytes).
    Removing stm32f4xx_hal_rcc_1.o(i.HAL_RCC_GetClockConfig), (64 bytes).
    Removing stm32f4xx_hal_rcc_1.o(i.HAL_RCC_GetOscConfig), (180 bytes).
    Removing stm32f4xx_hal_rcc_1.o(i.HAL_RCC_MCOConfig), (140 bytes).
    Removing stm32f4xx_hal_rcc_1.o(i.HAL_RCC_NMI_IRQHandler), (28 bytes).
    Removing stm32f4xx_hal_rcc_ex_1.o(.rev16_text), (4 bytes).
    Removing stm32f4xx_hal_rcc_ex_1.o(.revsh_text), (4 bytes).
    Removing stm32f4xx_hal_rcc_ex_1.o(.rrx_text), (6 bytes).
    Removing stm32f4xx_hal_rcc_ex_1.o(i.HAL_RCCEx_DisablePLLI2S), (52 bytes).
    Removing stm32f4xx_hal_rcc_ex_1.o(i.HAL_RCCEx_EnablePLLI2S), (104 bytes).
    Removing stm32f4xx_hal_rcc_ex_1.o(i.HAL_RCCEx_GetPeriphCLKConfig), (72 bytes).
    Removing stm32f4xx_hal_rcc_ex_1.o(i.HAL_RCCEx_GetPeriphCLKFreq), (92 bytes).
    Removing stm32f4xx_hal_rcc_ex_1.o(i.HAL_RCCEx_PeriphCLKConfig), (336 bytes).
    Removing stm32f4xx_hal_rcc_ex_1.o(i.HAL_RCC_DeInit), (304 bytes).
    Removing stm32f4xx_hal_flash.o(.rev16_text), (4 bytes).
    Removing stm32f4xx_hal_flash.o(.revsh_text), (4 bytes).
    Removing stm32f4xx_hal_flash.o(.rrx_text), (6 bytes).
    Removing stm32f4xx_hal_flash.o(i.FLASH_Program_Byte), (32 bytes).
    Removing stm32f4xx_hal_flash.o(i.FLASH_Program_DoubleWord), (40 bytes).
    Removing stm32f4xx_hal_flash.o(i.FLASH_Program_HalfWord), (36 bytes).
    Removing stm32f4xx_hal_flash.o(i.FLASH_Program_Word), (36 bytes).
    Removing stm32f4xx_hal_flash.o(i.FLASH_SetErrorCode), (124 bytes).
    Removing stm32f4xx_hal_flash.o(i.FLASH_WaitForLastOperation), (80 bytes).
    Removing stm32f4xx_hal_flash.o(i.HAL_FLASH_EndOfOperationCallback), (2 bytes).
    Removing stm32f4xx_hal_flash.o(i.HAL_FLASH_GetError), (12 bytes).
    Removing stm32f4xx_hal_flash.o(i.HAL_FLASH_IRQHandler), (204 bytes).
    Removing stm32f4xx_hal_flash.o(i.HAL_FLASH_Lock), (20 bytes).
    Removing stm32f4xx_hal_flash.o(i.HAL_FLASH_OB_Launch), (24 bytes).
    Removing stm32f4xx_hal_flash.o(i.HAL_FLASH_OB_Lock), (20 bytes).
    Removing stm32f4xx_hal_flash.o(i.HAL_FLASH_OB_Unlock), (40 bytes).
    Removing stm32f4xx_hal_flash.o(i.HAL_FLASH_OperationErrorCallback), (2 bytes).
    Removing stm32f4xx_hal_flash.o(i.HAL_FLASH_Program), (124 bytes).
    Removing stm32f4xx_hal_flash.o(i.HAL_FLASH_Program_IT), (108 bytes).
    Removing stm32f4xx_hal_flash.o(i.HAL_FLASH_Unlock), (44 bytes).
    Removing stm32f4xx_hal_flash.o(.bss), (32 bytes).
    Removing stm32f4xx_hal_flash_ex.o(.rev16_text), (4 bytes).
    Removing stm32f4xx_hal_flash_ex.o(.revsh_text), (4 bytes).
    Removing stm32f4xx_hal_flash_ex.o(.rrx_text), (6 bytes).
    Removing stm32f4xx_hal_flash_ex.o(i.FLASH_Erase_Sector), (80 bytes).
    Removing stm32f4xx_hal_flash_ex.o(i.FLASH_FlushCaches), (84 bytes).
    Removing stm32f4xx_hal_flash_ex.o(i.FLASH_MassErase), (40 bytes).
    Removing stm32f4xx_hal_flash_ex.o(i.HAL_FLASHEx_AdvOBGetConfig), (12 bytes).
    Removing stm32f4xx_hal_flash_ex.o(i.HAL_FLASHEx_AdvOBProgram), (60 bytes).
    Removing stm32f4xx_hal_flash_ex.o(i.HAL_FLASHEx_Erase), (152 bytes).
    Removing stm32f4xx_hal_flash_ex.o(i.HAL_FLASHEx_Erase_IT), (104 bytes).
    Removing stm32f4xx_hal_flash_ex.o(i.HAL_FLASHEx_OBGetConfig), (64 bytes).
    Removing stm32f4xx_hal_flash_ex.o(i.HAL_FLASHEx_OBProgram), (204 bytes).
    Removing stm32f4xx_hal_flash_ex.o(i.HAL_FLASHEx_OB_DeSelectPCROP), (20 bytes).
    Removing stm32f4xx_hal_flash_ex.o(i.HAL_FLASHEx_OB_SelectPCROP), (24 bytes).
    Removing stm32f4xx_hal_flash_ramfunc.o(.rev16_text), (4 bytes).
    Removing stm32f4xx_hal_flash_ramfunc.o(.revsh_text), (4 bytes).
    Removing stm32f4xx_hal_flash_ramfunc.o(.rrx_text), (6 bytes).
    Removing stm32f4xx_hal_gpio_1.o(.rev16_text), (4 bytes).
    Removing stm32f4xx_hal_gpio_1.o(.revsh_text), (4 bytes).
    Removing stm32f4xx_hal_gpio_1.o(.rrx_text), (6 bytes).
    Removing stm32f4xx_hal_gpio_1.o(i.HAL_GPIO_DeInit), (272 bytes).
    Removing stm32f4xx_hal_gpio_1.o(i.HAL_GPIO_EXTI_Callback), (2 bytes).
    Removing stm32f4xx_hal_gpio_1.o(i.HAL_GPIO_EXTI_IRQHandler), (24 bytes).
    Removing stm32f4xx_hal_gpio_1.o(i.HAL_GPIO_LockPin), (34 bytes).
    Removing stm32f4xx_hal_gpio_1.o(i.HAL_GPIO_ReadPin), (10 bytes).
    Removing stm32f4xx_hal_gpio_1.o(i.HAL_GPIO_TogglePin), (8 bytes).
    Removing stm32f4xx_hal_dma_ex_1.o(.rev16_text), (4 bytes).
    Removing stm32f4xx_hal_dma_ex_1.o(.revsh_text), (4 bytes).
    Removing stm32f4xx_hal_dma_ex_1.o(.rrx_text), (6 bytes).
    Removing stm32f4xx_hal_dma_ex_1.o(i.DMA_MultiBufferSetConfig), (30 bytes).
    Removing stm32f4xx_hal_dma_ex_1.o(i.HAL_DMAEx_ChangeMemory), (14 bytes).
    Removing stm32f4xx_hal_dma_ex_1.o(i.HAL_DMAEx_MultiBufferStart), (100 bytes).
    Removing stm32f4xx_hal_dma_ex_1.o(i.HAL_DMAEx_MultiBufferStart_IT), (2432 bytes).
    Removing stm32f4xx_hal_dma_1.o(.rev16_text), (4 bytes).
    Removing stm32f4xx_hal_dma_1.o(.revsh_text), (4 bytes).
    Removing stm32f4xx_hal_dma_1.o(.rrx_text), (6 bytes).
    Removing stm32f4xx_hal_dma_1.o(i.DMA_CalcBaseAndBitshift), (40 bytes).
    Removing stm32f4xx_hal_dma_1.o(i.DMA_CheckFifoParam), (84 bytes).
    Removing stm32f4xx_hal_dma_1.o(i.DMA_SetConfig), (40 bytes).
    Removing stm32f4xx_hal_dma_1.o(i.HAL_DMA_Abort), (142 bytes).
    Removing stm32f4xx_hal_dma_1.o(i.HAL_DMA_Abort_IT), (36 bytes).
    Removing stm32f4xx_hal_dma_1.o(i.HAL_DMA_DeInit), (86 bytes).
    Removing stm32f4xx_hal_dma_1.o(i.HAL_DMA_GetError), (4 bytes).
    Removing stm32f4xx_hal_dma_1.o(i.HAL_DMA_GetState), (6 bytes).
    Removing stm32f4xx_hal_dma_1.o(i.HAL_DMA_IRQHandler), (416 bytes).
    Removing stm32f4xx_hal_dma_1.o(i.HAL_DMA_Init), (212 bytes).
    Removing stm32f4xx_hal_dma_1.o(i.HAL_DMA_PollForTransfer), (292 bytes).
    Removing stm32f4xx_hal_dma_1.o(i.HAL_DMA_RegisterCallback), (80 bytes).
    Removing stm32f4xx_hal_dma_1.o(i.HAL_DMA_Start), (70 bytes).
    Removing stm32f4xx_hal_dma_1.o(i.HAL_DMA_Start_IT), (120 bytes).
    Removing stm32f4xx_hal_dma_1.o(i.HAL_DMA_UnRegisterCallback), (96 bytes).
    Removing stm32f4xx_hal_dma_1.o(.constdata), (8 bytes).
    Removing stm32f4xx_hal_pwr_1.o(.rev16_text), (4 bytes).
    Removing stm32f4xx_hal_pwr_1.o(.revsh_text), (4 bytes).
    Removing stm32f4xx_hal_pwr_1.o(.rrx_text), (6 bytes).
    Removing stm32f4xx_hal_pwr_1.o(i.HAL_PWR_ConfigPVD), (124 bytes).
    Removing stm32f4xx_hal_pwr_1.o(i.HAL_PWR_DeInit), (24 bytes).
    Removing stm32f4xx_hal_pwr_1.o(i.HAL_PWR_DisableBkUpAccess), (12 bytes).
    Removing stm32f4xx_hal_pwr_1.o(i.HAL_PWR_DisablePVD), (12 bytes).
    Removing stm32f4xx_hal_pwr_1.o(i.HAL_PWR_DisableSEVOnPend), (16 bytes).
    Removing stm32f4xx_hal_pwr_1.o(i.HAL_PWR_DisableSleepOnExit), (16 bytes).
    Removing stm32f4xx_hal_pwr_1.o(i.HAL_PWR_DisableWakeUpPin), (16 bytes).
    Removing stm32f4xx_hal_pwr_1.o(i.HAL_PWR_EnableBkUpAccess), (12 bytes).
    Removing stm32f4xx_hal_pwr_1.o(i.HAL_PWR_EnablePVD), (12 bytes).
    Removing stm32f4xx_hal_pwr_1.o(i.HAL_PWR_EnableSEVOnPend), (16 bytes).
    Removing stm32f4xx_hal_pwr_1.o(i.HAL_PWR_EnableSleepOnExit), (16 bytes).
    Removing stm32f4xx_hal_pwr_1.o(i.HAL_PWR_EnableWakeUpPin), (16 bytes).
    Removing stm32f4xx_hal_pwr_1.o(i.HAL_PWR_EnterSLEEPMode), (32 bytes).
    Removing stm32f4xx_hal_pwr_1.o(i.HAL_PWR_EnterSTANDBYMode), (32 bytes).
    Removing stm32f4xx_hal_pwr_1.o(i.HAL_PWR_EnterSTOPMode), (56 bytes).
    Removing stm32f4xx_hal_pwr_1.o(i.HAL_PWR_PVDCallback), (2 bytes).
    Removing stm32f4xx_hal_pwr_1.o(i.HAL_PWR_PVD_IRQHandler), (28 bytes).
    Removing stm32f4xx_hal_pwr_ex_1.o(.rev16_text), (4 bytes).
    Removing stm32f4xx_hal_pwr_ex_1.o(.revsh_text), (4 bytes).
    Removing stm32f4xx_hal_pwr_ex_1.o(.rrx_text), (6 bytes).
    Removing stm32f4xx_hal_pwr_ex_1.o(i.HAL_PWREx_ControlVoltageScaling), (176 bytes).
    Removing stm32f4xx_hal_pwr_ex_1.o(i.HAL_PWREx_DisableBkUpReg), (60 bytes).
    Removing stm32f4xx_hal_pwr_ex_1.o(i.HAL_PWREx_DisableFlashPowerDown), (12 bytes).
    Removing stm32f4xx_hal_pwr_ex_1.o(i.HAL_PWREx_DisableLowRegulatorLowVoltage), (12 bytes).
    Removing stm32f4xx_hal_pwr_ex_1.o(i.HAL_PWREx_DisableMainRegulatorLowVoltage), (12 bytes).
    Removing stm32f4xx_hal_pwr_ex_1.o(i.HAL_PWREx_EnableBkUpReg), (60 bytes).
    Removing stm32f4xx_hal_pwr_ex_1.o(i.HAL_PWREx_EnableFlashPowerDown), (12 bytes).
    Removing stm32f4xx_hal_pwr_ex_1.o(i.HAL_PWREx_EnableLowRegulatorLowVoltage), (12 bytes).
    Removing stm32f4xx_hal_pwr_ex_1.o(i.HAL_PWREx_EnableMainRegulatorLowVoltage), (12 bytes).
    Removing stm32f4xx_hal_pwr_ex_1.o(i.HAL_PWREx_GetVoltageRange), (16 bytes).
    Removing stm32f4xx_hal_cortex_1.o(.rev16_text), (4 bytes).
    Removing stm32f4xx_hal_cortex_1.o(.revsh_text), (4 bytes).
    Removing stm32f4xx_hal_cortex_1.o(.rrx_text), (6 bytes).
    Removing stm32f4xx_hal_cortex_1.o(i.HAL_MPU_ConfigRegion), (84 bytes).
    Removing stm32f4xx_hal_cortex_1.o(i.HAL_MPU_Disable), (28 bytes).
    Removing stm32f4xx_hal_cortex_1.o(i.HAL_MPU_Enable), (36 bytes).
    Removing stm32f4xx_hal_cortex_1.o(i.HAL_NVIC_ClearPendingIRQ), (22 bytes).
    Removing stm32f4xx_hal_cortex_1.o(i.HAL_NVIC_DisableIRQ), (22 bytes).
    Removing stm32f4xx_hal_cortex_1.o(i.HAL_NVIC_EnableIRQ), (22 bytes).
    Removing stm32f4xx_hal_cortex_1.o(i.HAL_NVIC_GetActive), (32 bytes).
    Removing stm32f4xx_hal_cortex_1.o(i.HAL_NVIC_GetPendingIRQ), (32 bytes).
    Removing stm32f4xx_hal_cortex_1.o(i.HAL_NVIC_GetPriority), (82 bytes).
    Removing stm32f4xx_hal_cortex_1.o(i.HAL_NVIC_GetPriorityGrouping), (16 bytes).
    Removing stm32f4xx_hal_cortex_1.o(i.HAL_NVIC_SetPendingIRQ), (22 bytes).
    Removing stm32f4xx_hal_cortex_1.o(i.HAL_NVIC_SystemReset), (36 bytes).
    Removing stm32f4xx_hal_1.o(.rev16_text), (4 bytes).
    Removing stm32f4xx_hal_1.o(.revsh_text), (4 bytes).
    Removing stm32f4xx_hal_1.o(.rrx_text), (6 bytes).
    Removing stm32f4xx_hal_1.o(i.HAL_DBGMCU_DisableDBGSleepMode), (16 bytes).
    Removing stm32f4xx_hal_1.o(i.HAL_DBGMCU_DisableDBGStandbyMode), (16 bytes).
    Removing stm32f4xx_hal_1.o(i.HAL_DBGMCU_DisableDBGStopMode), (16 bytes).
    Removing stm32f4xx_hal_1.o(i.HAL_DBGMCU_EnableDBGSleepMode), (16 bytes).
    Removing stm32f4xx_hal_1.o(i.HAL_DBGMCU_EnableDBGStandbyMode), (16 bytes).
    Removing stm32f4xx_hal_1.o(i.HAL_DBGMCU_EnableDBGStopMode), (16 bytes).
    Removing stm32f4xx_hal_1.o(i.HAL_DeInit), (52 bytes).
    Removing stm32f4xx_hal_1.o(i.HAL_Delay), (36 bytes).
    Removing stm32f4xx_hal_1.o(i.HAL_DisableCompensationCell), (12 bytes).
    Removing stm32f4xx_hal_1.o(i.HAL_EnableCompensationCell), (12 bytes).
    Removing stm32f4xx_hal_1.o(i.HAL_GetDEVID), (16 bytes).
    Removing stm32f4xx_hal_1.o(i.HAL_GetHalVersion), (8 bytes).
    Removing stm32f4xx_hal_1.o(i.HAL_GetREVID), (12 bytes).
    Removing stm32f4xx_hal_1.o(i.HAL_GetTickFreq), (12 bytes).
    Removing stm32f4xx_hal_1.o(i.HAL_GetTickPrio), (12 bytes).
    Removing stm32f4xx_hal_1.o(i.HAL_GetUID), (28 bytes).
    Removing stm32f4xx_hal_1.o(i.HAL_MspDeInit), (2 bytes).
    Removing stm32f4xx_hal_1.o(i.HAL_MspInit), (2 bytes).
    Removing stm32f4xx_hal_1.o(i.HAL_ResumeTick), (14 bytes).
    Removing stm32f4xx_hal_1.o(i.HAL_SetTickFreq), (28 bytes).
    Removing stm32f4xx_hal_1.o(i.HAL_SuspendTick), (14 bytes).
    Removing system_stm32f4xx_1.o(.rev16_text), (4 bytes).
    Removing system_stm32f4xx_1.o(.revsh_text), (4 bytes).
    Removing system_stm32f4xx_1.o(.rrx_text), (6 bytes).
    Removing system_stm32f4xx_1.o(i.SystemCoreClockUpdate), (120 bytes).
    Removing buttons_nucleo_f401re.o(.rev16_text), (4 bytes).
    Removing buttons_nucleo_f401re.o(.revsh_text), (4 bytes).
    Removing buttons_nucleo_f401re.o(.rrx_text), (6 bytes).
    Removing buttons_nucleo_f401re.o(i.Buttons_GetCount), (4 bytes).
    Removing buttons_nucleo_f401re.o(i.Buttons_GetState), (20 bytes).
    Removing buttons_nucleo_f401re.o(i.Buttons_Initialize), (64 bytes).
    Removing buttons_nucleo_f401re.o(i.Buttons_Uninitialize), (20 bytes).
    Removing led_nucleo_f401re.o(.rev16_text), (4 bytes).
    Removing led_nucleo_f401re.o(.revsh_text), (4 bytes).
    Removing led_nucleo_f401re.o(.rrx_text), (6 bytes).
    Removing led_nucleo_f401re.o(i.LED_GetCount), (4 bytes).
    Removing led_nucleo_f401re.o(i.LED_SetOut), (26 bytes).
    Removing led_nucleo_f401re.o(i.LED_Uninitialize), (4 bytes).

265 unused section(s) (total 14160 bytes) removed from the image.

==============================================================================

Image Symbol Table

    Local Symbols

    Symbol Name                              Value     Ov Type        Size  Object(Section)

    ..//Src/system_stm32f4xx.c               0x00000000   Number         0  system_stm32f4xx_1.o ABSOLUTE
    ../Drivers/STM32F4xx_HAL_Driver/Src/stm32f4xx_hal.c 0x00000000   Number         0  stm32f4xx_hal_1.o ABSOLUTE
    ../Drivers/STM32F4xx_HAL_Driver/Src/stm32f4xx_hal_cortex.c 0x00000000   Number         0  stm32f4xx_hal_cortex_1.o ABSOLUTE
    ../Drivers/STM32F4xx_HAL_Driver/Src/stm32f4xx_hal_crc.c 0x00000000   Number         0  stm32f4xx_hal_crc.o ABSOLUTE
    ../Drivers/STM32F4xx_HAL_Driver/Src/stm32f4xx_hal_dma.c 0x00000000   Number         0  stm32f4xx_hal_dma_1.o ABSOLUTE
    ../Drivers/STM32F4xx_HAL_Driver/Src/stm32f4xx_hal_dma_ex.c 0x00000000   Number         0  stm32f4xx_hal_dma_ex_1.o ABSOLUTE
    ../Drivers/STM32F4xx_HAL_Driver/Src/stm32f4xx_hal_flash.c 0x00000000   Number         0  stm32f4xx_hal_flash.o ABSOLUTE
    ../Drivers/STM32F4xx_HAL_Driver/Src/stm32f4xx_hal_flash_ex.c 0x00000000   Number         0  stm32f4xx_hal_flash_ex.o ABSOLUTE
    ../Drivers/STM32F4xx_HAL_Driver/Src/stm32f4xx_hal_flash_ramfunc.c 0x00000000   Number         0  stm32f4xx_hal_flash_ramfunc.o ABSOLUTE
    ../Drivers/STM32F4xx_HAL_Driver/Src/stm32f4xx_hal_gpio.c 0x00000000   Number         0  stm32f4xx_hal_gpio_1.o ABSOLUTE
    ../Drivers/STM32F4xx_HAL_Driver/Src/stm32f4xx_hal_pwr.c 0x00000000   Number         0  stm32f4xx_hal_pwr_1.o ABSOLUTE
    ../Drivers/STM32F4xx_HAL_Driver/Src/stm32f4xx_hal_pwr_ex.c 0x00000000   Number         0  stm32f4xx_hal_pwr_ex_1.o ABSOLUTE
    ../Drivers/STM32F4xx_HAL_Driver/Src/stm32f4xx_hal_rcc.c 0x00000000   Number         0  stm32f4xx_hal_rcc_1.o ABSOLUTE
    ../Drivers/STM32F4xx_HAL_Driver/Src/stm32f4xx_hal_rcc_ex.c 0x00000000   Number         0  stm32f4xx_hal_rcc_ex_1.o ABSOLUTE
    ../Drivers/STM32F4xx_HAL_Driver/Src/stm32f4xx_hal_tim.c 0x00000000   Number         0  stm32f4xx_hal_tim.o ABSOLUTE
    ../Drivers/STM32F4xx_HAL_Driver/Src/stm32f4xx_hal_tim_ex.c 0x00000000   Number         0  stm32f4xx_hal_tim_ex.o ABSOLUTE
    ../Drivers/STM32F4xx_HAL_Driver/Src/stm32f4xx_hal_uart.c 0x00000000   Number         0  stm32f4xx_hal_uart_1.o ABSOLUTE
    ../Src/main.c                            0x00000000   Number         0  main.o ABSOLUTE
    ../Src/stm32f4xx_hal_msp.c               0x00000000   Number         0  stm32f4xx_hal_msp.o ABSOLUTE
    ../Src/stm32f4xx_it.c                    0x00000000   Number         0  stm32f4xx_it.o ABSOLUTE
    ../clib/microlib/division.c              0x00000000   Number         0  uldiv.o ABSOLUTE
    ../clib/microlib/init/entry.s            0x00000000   Number         0  entry9b.o ABSOLUTE
    ../clib/microlib/init/entry.s            0x00000000   Number         0  entry2.o ABSOLUTE
    ../clib/microlib/init/entry.s            0x00000000   Number         0  entry11b.o ABSOLUTE
    ../clib/microlib/init/entry.s            0x00000000   Number         0  entry11a.o ABSOLUTE
    ../clib/microlib/init/entry.s            0x00000000   Number         0  entry10b.o ABSOLUTE
    ../clib/microlib/init/entry.s            0x00000000   Number         0  entry.o ABSOLUTE
    ../clib/microlib/init/entry.s            0x00000000   Number         0  entry10a.o ABSOLUTE
    ../clib/microlib/init/entry.s            0x00000000   Number         0  entry9a.o ABSOLUTE
    ../clib/microlib/init/entry.s            0x00000000   Number         0  entry8b.o ABSOLUTE
    ../clib/microlib/init/entry.s            0x00000000   Number         0  entry8a.o ABSOLUTE
    ../clib/microlib/init/entry.s            0x00000000   Number         0  entry7b.o ABSOLUTE
    ../clib/microlib/init/entry.s            0x00000000   Number         0  entry7a.o ABSOLUTE
    ../clib/microlib/init/entry.s            0x00000000   Number         0  entry5.o ABSOLUTE
    ../clib/microlib/longlong.c              0x00000000   Number         0  llushr.o ABSOLUTE
    ../clib/microlib/longlong.c              0x00000000   Number         0  llshl.o ABSOLUTE
    ..\Drivers\STM32F4xx_HAL_Driver\Src\stm32f4xx_hal.c 0x00000000   Number         0  stm32f4xx_hal_1.o ABSOLUTE
    ..\Drivers\STM32F4xx_HAL_Driver\Src\stm32f4xx_hal_cortex.c 0x00000000   Number         0  stm32f4xx_hal_cortex_1.o ABSOLUTE
    ..\Drivers\STM32F4xx_HAL_Driver\Src\stm32f4xx_hal_crc.c 0x00000000   Number         0  stm32f4xx_hal_crc.o ABSOLUTE
    ..\Drivers\STM32F4xx_HAL_Driver\Src\stm32f4xx_hal_dma.c 0x00000000   Number         0  stm32f4xx_hal_dma_1.o ABSOLUTE
    ..\Drivers\STM32F4xx_HAL_Driver\Src\stm32f4xx_hal_dma_ex.c 0x00000000   Number         0  stm32f4xx_hal_dma_ex_1.o ABSOLUTE
    ..\Drivers\STM32F4xx_HAL_Driver\Src\stm32f4xx_hal_flash.c 0x00000000   Number         0  stm32f4xx_hal_flash.o ABSOLUTE
    ..\Drivers\STM32F4xx_HAL_Driver\Src\stm32f4xx_hal_flash_ex.c 0x00000000   Number         0  stm32f4xx_hal_flash_ex.o ABSOLUTE
    ..\Drivers\STM32F4xx_HAL_Driver\Src\stm32f4xx_hal_flash_ramfunc.c 0x00000000   Number         0  stm32f4xx_hal_flash_ramfunc.o ABSOLUTE
    ..\Drivers\STM32F4xx_HAL_Driver\Src\stm32f4xx_hal_gpio.c 0x00000000   Number         0  stm32f4xx_hal_gpio_1.o ABSOLUTE
    ..\Drivers\STM32F4xx_HAL_Driver\Src\stm32f4xx_hal_pwr.c 0x00000000   Number         0  stm32f4xx_hal_pwr_1.o ABSOLUTE
    ..\Drivers\STM32F4xx_HAL_Driver\Src\stm32f4xx_hal_pwr_ex.c 0x00000000   Number         0  stm32f4xx_hal_pwr_ex_1.o ABSOLUTE
    ..\Drivers\STM32F4xx_HAL_Driver\Src\stm32f4xx_hal_rcc.c 0x00000000   Number         0  stm32f4xx_hal_rcc_1.o ABSOLUTE
    ..\Drivers\STM32F4xx_HAL_Driver\Src\stm32f4xx_hal_rcc_ex.c 0x00000000   Number         0  stm32f4xx_hal_rcc_ex_1.o ABSOLUTE
    ..\Drivers\STM32F4xx_HAL_Driver\Src\stm32f4xx_hal_tim.c 0x00000000   Number         0  stm32f4xx_hal_tim.o ABSOLUTE
    ..\Drivers\STM32F4xx_HAL_Driver\Src\stm32f4xx_hal_tim_ex.c 0x00000000   Number         0  stm32f4xx_hal_tim_ex.o ABSOLUTE
    ..\Drivers\STM32F4xx_HAL_Driver\Src\stm32f4xx_hal_uart.c 0x00000000   Number         0  stm32f4xx_hal_uart_1.o ABSOLUTE
    ..\Src\main.c                            0x00000000   Number         0  main.o ABSOLUTE
    ..\Src\stm32f4xx_hal_msp.c               0x00000000   Number         0  stm32f4xx_hal_msp.o ABSOLUTE
    ..\Src\stm32f4xx_it.c                    0x00000000   Number         0  stm32f4xx_it.o ABSOLUTE
    ..\\Src\system_stm32f4xx.c               0x00000000   Number         0  system_stm32f4xx_1.o ABSOLUTE
    C:\Keil_v5\ARM\PACK\Keil\STM32NUCLEO_BSP\1.6.0\Boards\ST\NUCLEO-F401RE\Common\Buttons_NUCLEO_F401RE.c 0x00000000   Number         0  buttons_nucleo_f401re.o ABSOLUTE
    C:\Keil_v5\ARM\PACK\Keil\STM32NUCLEO_BSP\1.6.0\Boards\ST\NUCLEO-F401RE\Common\LED_NUCLEO_F401RE.c 0x00000000   Number         0  led_nucleo_f401re.o ABSOLUTE
    C:\\Keil_v5\\ARM\\PACK\\Keil\\STM32NUCLEO_BSP\\1.6.0\\Boards\\ST\\NUCLEO-F401RE\\Common\\Buttons_NUCLEO_F401RE.c 0x00000000   Number         0  buttons_nucleo_f401re.o ABSOLUTE
    C:\\Keil_v5\\ARM\\PACK\\Keil\\STM32NUCLEO_BSP\\1.6.0\\Boards\\ST\\NUCLEO-F401RE\\Common\\LED_NUCLEO_F401RE.c 0x00000000   Number         0  led_nucleo_f401re.o ABSOLUTE
    dc.s                                     0x00000000   Number         0  dc.o ABSOLUTE
    handlers.s                               0x00000000   Number         0  handlers.o ABSOLUTE
    init.s                                   0x00000000   Number         0  init.o ABSOLUTE
    startup_stm32f401xe.s                    0x00000000   Number         0  startup_stm32f401xe.o ABSOLUTE
    RESET                                    0x08008000   Section      404  startup_stm32f401xe.o(RESET)
    .ARM.Collect$$$$00000000                 0x08008194   Section        0  entry.o(.ARM.Collect$$$$00000000)
    .ARM.Collect$$$$00000001                 0x08008194   Section        4  entry2.o(.ARM.Collect$$$$00000001)
    .ARM.Collect$$$$00000004                 0x08008198   Section        4  entry5.o(.ARM.Collect$$$$00000004)
    .ARM.Collect$$$$00000008                 0x0800819c   Section        0  entry7b.o(.ARM.Collect$$$$00000008)
    .ARM.Collect$$$$0000000A                 0x0800819c   Section        0  entry8b.o(.ARM.Collect$$$$0000000A)
    .ARM.Collect$$$$0000000B                 0x0800819c   Section        8  entry9a.o(.ARM.Collect$$$$0000000B)
    .ARM.Collect$$$$0000000D                 0x080081a4   Section        0  entry10a.o(.ARM.Collect$$$$0000000D)
    .ARM.Collect$$$$0000000F                 0x080081a4   Section        0  entry11a.o(.ARM.Collect$$$$0000000F)
    .ARM.Collect$$$$00002712                 0x080081a4   Section        4  entry2.o(.ARM.Collect$$$$00002712)
    __lit__00000000                          0x080081a4   Data           4  entry2.o(.ARM.Collect$$$$00002712)
    .text                                    0x080081a8   Section       36  startup_stm32f401xe.o(.text)
    $v0                                      0x080081a8   Number         0  startup_stm32f401xe.o(.text)
    .text                                    0x080081cc   Section        0  uldiv.o(.text)
    .text                                    0x0800822e   Section        0  llshl.o(.text)
    .text                                    0x0800824c   Section        0  llushr.o(.text)
    .text                                    0x0800826c   Section       36  init.o(.text)
    i.HAL_CRC_Init                           0x08008290   Section        0  stm32f4xx_hal_crc.o(i.HAL_CRC_Init)
    i.HAL_CRC_MspInit                        0x080082b8   Section        0  stm32f4xx_hal_msp.o(i.HAL_CRC_MspInit)
    i.HAL_GPIO_Init                          0x080082e0   Section        0  stm32f4xx_hal_gpio_1.o(i.HAL_GPIO_Init)
    i.HAL_GPIO_WritePin                      0x08008468   Section        0  stm32f4xx_hal_gpio_1.o(i.HAL_GPIO_WritePin)
    i.HAL_GetTick                            0x08008474   Section        0  stm32f4xx_hal_1.o(i.HAL_GetTick)
    i.HAL_IncTick                            0x08008480   Section        0  stm32f4xx_hal_1.o(i.HAL_IncTick)
    i.HAL_Init                               0x08008490   Section        0  stm32f4xx_hal_1.o(i.HAL_Init)
    i.HAL_InitTick                           0x080084c4   Section        0  stm32f4xx_hal_1.o(i.HAL_InitTick)
    i.HAL_MspInit                            0x08008504   Section        0  stm32f4xx_hal_msp.o(i.HAL_MspInit)
    i.HAL_NVIC_SetPriority                   0x08008588   Section        0  stm32f4xx_hal_cortex_1.o(i.HAL_NVIC_SetPriority)
    i.HAL_NVIC_SetPriorityGrouping           0x080085c8   Section        0  stm32f4xx_hal_cortex_1.o(i.HAL_NVIC_SetPriorityGrouping)
    i.HAL_RCC_ClockConfig                    0x080085ec   Section        0  stm32f4xx_hal_rcc_1.o(i.HAL_RCC_ClockConfig)
    i.HAL_RCC_GetHCLKFreq                    0x0800871c   Section        0  stm32f4xx_hal_rcc_1.o(i.HAL_RCC_GetHCLKFreq)
    i.HAL_RCC_GetPCLK1Freq                   0x08008728   Section        0  stm32f4xx_hal_rcc_1.o(i.HAL_RCC_GetPCLK1Freq)
    i.HAL_RCC_GetPCLK2Freq                   0x08008748   Section        0  stm32f4xx_hal_rcc_1.o(i.HAL_RCC_GetPCLK2Freq)
    i.HAL_RCC_GetSysClockFreq                0x08008768   Section        0  stm32f4xx_hal_rcc_1.o(i.HAL_RCC_GetSysClockFreq)
    i.HAL_RCC_OscConfig                      0x080087c8   Section        0  stm32f4xx_hal_rcc_1.o(i.HAL_RCC_OscConfig)
    i.HAL_SYSTICK_CLKSourceConfig            0x08008ae4   Section        0  stm32f4xx_hal_cortex_1.o(i.HAL_SYSTICK_CLKSourceConfig)
    i.HAL_SYSTICK_Callback                   0x08008afc   Section        0  stm32f4xx_hal_cortex_1.o(i.HAL_SYSTICK_Callback)
    i.HAL_SYSTICK_Config                     0x08008afe   Section        0  stm32f4xx_hal_cortex_1.o(i.HAL_SYSTICK_Config)
    i.HAL_SYSTICK_IRQHandler                 0x08008b26   Section        0  stm32f4xx_hal_cortex_1.o(i.HAL_SYSTICK_IRQHandler)
    i.HAL_UART_Init                          0x08008b2e   Section        0  stm32f4xx_hal_uart_1.o(i.HAL_UART_Init)
    i.HAL_UART_MspInit                       0x08008b90   Section        0  stm32f4xx_hal_msp.o(i.HAL_UART_MspInit)
    i.LED_Initialize                         0x08008c0c   Section        0  led_nucleo_f401re.o(i.LED_Initialize)
    i.LED_Off                                0x08008c54   Section        0  led_nucleo_f401re.o(i.LED_Off)
    i.LED_On                                 0x08008c70   Section        0  led_nucleo_f401re.o(i.LED_On)
    i.MX_GPIO_Init                           0x08008c8c   Section        0  main.o(i.MX_GPIO_Init)
    MX_GPIO_Init                             0x08008c8d   Thumb Code   128  main.o(i.MX_GPIO_Init)
    i.NVIC_SetPriority                       0x08008d1c   Section        0  stm32f4xx_hal_cortex_1.o(i.NVIC_SetPriority)
    NVIC_SetPriority                         0x08008d1d   Thumb Code    32  stm32f4xx_hal_cortex_1.o(i.NVIC_SetPriority)
    i.SysTick_Handler                        0x08008d3c   Section        0  stm32f4xx_it.o(i.SysTick_Handler)
    i.SystemClock_Config                     0x08008d4c   Section        0  main.o(i.SystemClock_Config)
    i.SystemInit                             0x08008dec   Section        0  system_stm32f4xx_1.o(i.SystemInit)
    i.UART_SetConfig                         0x08008e40   Section        0  stm32f4xx_hal_uart_1.o(i.UART_SetConfig)
    UART_SetConfig                           0x08008e41   Thumb Code   676  stm32f4xx_hal_uart_1.o(i.UART_SetConfig)
    i.__scatterload_copy                     0x080090ec   Section       14  handlers.o(i.__scatterload_copy)
    i.__scatterload_null                     0x080090fa   Section        2  handlers.o(i.__scatterload_null)
    i.__scatterload_zeroinit                 0x080090fc   Section       14  handlers.o(i.__scatterload_zeroinit)
    i.delay                                  0x0800910c   Section        0  main.o(i.delay)
    i.main                                   0x0800911c   Section        0  main.o(i.main)
    .constdata                               0x080091a8   Section       16  system_stm32f4xx_1.o(.constdata)
    .constdata                               0x080091b8   Section        8  system_stm32f4xx_1.o(.constdata)
    .constdata                               0x080091c0   Section        4  led_nucleo_f401re.o(.constdata)
    .data                                    0x20000000   Section        8  main.o(.data)
    .data                                    0x20000008   Section       12  stm32f4xx_hal_1.o(.data)
    .data                                    0x20000014   Section        4  system_stm32f4xx_1.o(.data)
    .bss                                     0x20000018   Section      128  main.o(.bss)
    STACK                                    0x20000098   Section     1024  startup_stm32f401xe.o(STACK)

    Global Symbols

    Symbol Name                              Value     Ov Type        Size  Object(Section)

    BuildAttributes$$THM_ISAv4$E$P$D$K$B$S$7EM$VFPi3$EXTD16$VFPS$VFMA$PE$A:L22UL41UL21$X:L11$S22US41US21$IEEE1$IW$USESV6$~STKCKD$USESV7$~SHL$OSPACE$EBA8$MICROLIB$REQ8$PRES8$EABIv2 0x00000000   Number         0  anon$$obj.o ABSOLUTE
    __ARM_use_no_argv                        0x00000000   Number         0  main.o ABSOLUTE
    __cpp_initialize__aeabi_                  - Undefined Weak Reference
    __cxa_finalize                            - Undefined Weak Reference
    __decompress                              - Undefined Weak Reference
    _clock_init                               - Undefined Weak Reference
    _microlib_exit                            - Undefined Weak Reference
    __Vectors_Size                           0x00000194   Number         0  startup_stm32f401xe.o ABSOLUTE
    __Vectors                                0x08008000   Data           4  startup_stm32f401xe.o(RESET)
    __Vectors_End                            0x08008194   Data           0  startup_stm32f401xe.o(RESET)
    __main                                   0x08008195   Thumb Code     0  entry.o(.ARM.Collect$$$$00000000)
    _main_stk                                0x08008195   Thumb Code     0  entry2.o(.ARM.Collect$$$$00000001)
    _main_scatterload                        0x08008199   Thumb Code     0  entry5.o(.ARM.Collect$$$$00000004)
    __main_after_scatterload                 0x0800819d   Thumb Code     0  entry5.o(.ARM.Collect$$$$00000004)
    _main_clock                              0x0800819d   Thumb Code     0  entry7b.o(.ARM.Collect$$$$00000008)
    _main_cpp_init                           0x0800819d   Thumb Code     0  entry8b.o(.ARM.Collect$$$$0000000A)
    _main_init                               0x0800819d   Thumb Code     0  entry9a.o(.ARM.Collect$$$$0000000B)
    __rt_final_cpp                           0x080081a5   Thumb Code     0  entry10a.o(.ARM.Collect$$$$0000000D)
    __rt_final_exit                          0x080081a5   Thumb Code     0  entry11a.o(.ARM.Collect$$$$0000000F)
    Reset_Handler                            0x080081a9   Thumb Code     8  startup_stm32f401xe.o(.text)
    NMI_Handler                              0x080081b1   Thumb Code     2  startup_stm32f401xe.o(.text)
    HardFault_Handler                        0x080081b3   Thumb Code     2  startup_stm32f401xe.o(.text)
    MemManage_Handler                        0x080081b5   Thumb Code     2  startup_stm32f401xe.o(.text)
    BusFault_Handler                         0x080081b7   Thumb Code     2  startup_stm32f401xe.o(.text)
    UsageFault_Handler                       0x080081b9   Thumb Code     2  startup_stm32f401xe.o(.text)
    SVC_Handler                              0x080081bb   Thumb Code     2  startup_stm32f401xe.o(.text)
    DebugMon_Handler                         0x080081bd   Thumb Code     2  startup_stm32f401xe.o(.text)
    PendSV_Handler                           0x080081bf   Thumb Code     2  startup_stm32f401xe.o(.text)
    ADC_IRQHandler                           0x080081c3   Thumb Code     0  startup_stm32f401xe.o(.text)
    DMA1_Stream0_IRQHandler                  0x080081c3   Thumb Code     0  startup_stm32f401xe.o(.text)
    DMA1_Stream1_IRQHandler                  0x080081c3   Thumb Code     0  startup_stm32f401xe.o(.text)
    DMA1_Stream2_IRQHandler                  0x080081c3   Thumb Code     0  startup_stm32f401xe.o(.text)
    DMA1_Stream3_IRQHandler                  0x080081c3   Thumb Code     0  startup_stm32f401xe.o(.text)
    DMA1_Stream4_IRQHandler                  0x080081c3   Thumb Code     0  startup_stm32f401xe.o(.text)
    DMA1_Stream5_IRQHandler                  0x080081c3   Thumb Code     0  startup_stm32f401xe.o(.text)
    DMA1_Stream6_IRQHandler                  0x080081c3   Thumb Code     0  startup_stm32f401xe.o(.text)
    DMA1_Stream7_IRQHandler                  0x080081c3   Thumb Code     0  startup_stm32f401xe.o(.text)
    DMA2_Stream0_IRQHandler                  0x080081c3   Thumb Code     0  startup_stm32f401xe.o(.text)
    DMA2_Stream1_IRQHandler                  0x080081c3   Thumb Code     0  startup_stm32f401xe.o(.text)
    DMA2_Stream2_IRQHandler                  0x080081c3   Thumb Code     0  startup_stm32f401xe.o(.text)
    DMA2_Stream3_IRQHandler                  0x080081c3   Thumb Code     0  startup_stm32f401xe.o(.text)
    DMA2_Stream4_IRQHandler                  0x080081c3   Thumb Code     0  startup_stm32f401xe.o(.text)
    DMA2_Stream5_IRQHandler                  0x080081c3   Thumb Code     0  startup_stm32f401xe.o(.text)
    DMA2_Stream6_IRQHandler                  0x080081c3   Thumb Code     0  startup_stm32f401xe.o(.text)
    DMA2_Stream7_IRQHandler                  0x080081c3   Thumb Code     0  startup_stm32f401xe.o(.text)
    EXTI0_IRQHandler                         0x080081c3   Thumb Code     0  startup_stm32f401xe.o(.text)
    EXTI15_10_IRQHandler                     0x080081c3   Thumb Code     0  startup_stm32f401xe.o(.text)
    EXTI1_IRQHandler                         0x080081c3   Thumb Code     0  startup_stm32f401xe.o(.text)
    EXTI2_IRQHandler                         0x080081c3   Thumb Code     0  startup_stm32f401xe.o(.text)
    EXTI3_IRQHandler                         0x080081c3   Thumb Code     0  startup_stm32f401xe.o(.text)
    EXTI4_IRQHandler                         0x080081c3   Thumb Code     0  startup_stm32f401xe.o(.text)
    EXTI9_5_IRQHandler                       0x080081c3   Thumb Code     0  startup_stm32f401xe.o(.text)
    FLASH_IRQHandler                         0x080081c3   Thumb Code     0  startup_stm32f401xe.o(.text)
    FPU_IRQHandler                           0x080081c3   Thumb Code     0  startup_stm32f401xe.o(.text)
    I2C1_ER_IRQHandler                       0x080081c3   Thumb Code     0  startup_stm32f401xe.o(.text)
    I2C1_EV_IRQHandler                       0x080081c3   Thumb Code     0  startup_stm32f401xe.o(.text)
    I2C2_ER_IRQHandler                       0x080081c3   Thumb Code     0  startup_stm32f401xe.o(.text)
    I2C2_EV_IRQHandler                       0x080081c3   Thumb Code     0  startup_stm32f401xe.o(.text)
    I2C3_ER_IRQHandler                       0x080081c3   Thumb Code     0  startup_stm32f401xe.o(.text)
    I2C3_EV_IRQHandler                       0x080081c3   Thumb Code     0  startup_stm32f401xe.o(.text)
    OTG_FS_IRQHandler                        0x080081c3   Thumb Code     0  startup_stm32f401xe.o(.text)
    OTG_FS_WKUP_IRQHandler                   0x080081c3   Thumb Code     0  startup_stm32f401xe.o(.text)
    PVD_IRQHandler                           0x080081c3   Thumb Code     0  startup_stm32f401xe.o(.text)
    RCC_IRQHandler                           0x080081c3   Thumb Code     0  startup_stm32f401xe.o(.text)
    RTC_Alarm_IRQHandler                     0x080081c3   Thumb Code     0  startup_stm32f401xe.o(.text)
    RTC_WKUP_IRQHandler                      0x080081c3   Thumb Code     0  startup_stm32f401xe.o(.text)
    SDIO_IRQHandler                          0x080081c3   Thumb Code     0  startup_stm32f401xe.o(.text)
    SPI1_IRQHandler                          0x080081c3   Thumb Code     0  startup_stm32f401xe.o(.text)
    SPI2_IRQHandler                          0x080081c3   Thumb Code     0  startup_stm32f401xe.o(.text)
    SPI3_IRQHandler                          0x080081c3   Thumb Code     0  startup_stm32f401xe.o(.text)
    SPI4_IRQHandler                          0x080081c3   Thumb Code     0  startup_stm32f401xe.o(.text)
    TAMP_STAMP_IRQHandler                    0x080081c3   Thumb Code     0  startup_stm32f401xe.o(.text)
    TIM1_BRK_TIM9_IRQHandler                 0x080081c3   Thumb Code     0  startup_stm32f401xe.o(.text)
    TIM1_CC_IRQHandler                       0x080081c3   Thumb Code     0  startup_stm32f401xe.o(.text)
    TIM1_TRG_COM_TIM11_IRQHandler            0x080081c3   Thumb Code     0  startup_stm32f401xe.o(.text)
    TIM1_UP_TIM10_IRQHandler                 0x080081c3   Thumb Code     0  startup_stm32f401xe.o(.text)
    TIM2_IRQHandler                          0x080081c3   Thumb Code     0  startup_stm32f401xe.o(.text)
    TIM3_IRQHandler                          0x080081c3   Thumb Code     0  startup_stm32f401xe.o(.text)
    TIM4_IRQHandler                          0x080081c3   Thumb Code     0  startup_stm32f401xe.o(.text)
    TIM5_IRQHandler                          0x080081c3   Thumb Code     0  startup_stm32f401xe.o(.text)
    USART1_IRQHandler                        0x080081c3   Thumb Code     0  startup_stm32f401xe.o(.text)
    USART2_IRQHandler                        0x080081c3   Thumb Code     0  startup_stm32f401xe.o(.text)
    USART6_IRQHandler                        0x080081c3   Thumb Code     0  startup_stm32f401xe.o(.text)
    WWDG_IRQHandler                          0x080081c3   Thumb Code     0  startup_stm32f401xe.o(.text)
    __aeabi_uldivmod                         0x080081cd   Thumb Code    98  uldiv.o(.text)
    __aeabi_llsl                             0x0800822f   Thumb Code    30  llshl.o(.text)
    _ll_shift_l                              0x0800822f   Thumb Code     0  llshl.o(.text)
    __aeabi_llsr                             0x0800824d   Thumb Code    32  llushr.o(.text)
    _ll_ushift_r                             0x0800824d   Thumb Code     0  llushr.o(.text)
    __scatterload                            0x0800826d   Thumb Code    28  init.o(.text)
    __scatterload_rt2                        0x0800826d   Thumb Code     0  init.o(.text)
    HAL_CRC_Init                             0x08008291   Thumb Code    38  stm32f4xx_hal_crc.o(i.HAL_CRC_Init)
    HAL_CRC_MspInit                          0x080082b9   Thumb Code    30  stm32f4xx_hal_msp.o(i.HAL_CRC_MspInit)
    HAL_GPIO_Init                            0x080082e1   Thumb Code   358  stm32f4xx_hal_gpio_1.o(i.HAL_GPIO_Init)
    HAL_GPIO_WritePin                        0x08008469   Thumb Code    10  stm32f4xx_hal_gpio_1.o(i.HAL_GPIO_WritePin)
    HAL_GetTick                              0x08008475   Thumb Code     6  stm32f4xx_hal_1.o(i.HAL_GetTick)
    HAL_IncTick                              0x08008481   Thumb Code    12  stm32f4xx_hal_1.o(i.HAL_IncTick)
    HAL_Init                                 0x08008491   Thumb Code    48  stm32f4xx_hal_1.o(i.HAL_Init)
    HAL_InitTick                             0x080084c5   Thumb Code    54  stm32f4xx_hal_1.o(i.HAL_InitTick)
    HAL_MspInit                              0x08008505   Thumb Code   126  stm32f4xx_hal_msp.o(i.HAL_MspInit)
    HAL_NVIC_SetPriority                     0x08008589   Thumb Code    60  stm32f4xx_hal_cortex_1.o(i.HAL_NVIC_SetPriority)
    HAL_NVIC_SetPriorityGrouping             0x080085c9   Thumb Code    26  stm32f4xx_hal_cortex_1.o(i.HAL_NVIC_SetPriorityGrouping)
    HAL_RCC_ClockConfig                      0x080085ed   Thumb Code   286  stm32f4xx_hal_rcc_1.o(i.HAL_RCC_ClockConfig)
    HAL_RCC_GetHCLKFreq                      0x0800871d   Thumb Code     6  stm32f4xx_hal_rcc_1.o(i.HAL_RCC_GetHCLKFreq)
    HAL_RCC_GetPCLK1Freq                     0x08008729   Thumb Code    20  stm32f4xx_hal_rcc_1.o(i.HAL_RCC_GetPCLK1Freq)
    HAL_RCC_GetPCLK2Freq                     0x08008749   Thumb Code    20  stm32f4xx_hal_rcc_1.o(i.HAL_RCC_GetPCLK2Freq)
    HAL_RCC_GetSysClockFreq                  0x08008769   Thumb Code    88  stm32f4xx_hal_rcc_1.o(i.HAL_RCC_GetSysClockFreq)
    HAL_RCC_OscConfig                        0x080087c9   Thumb Code   770  stm32f4xx_hal_rcc_1.o(i.HAL_RCC_OscConfig)
    HAL_SYSTICK_CLKSourceConfig              0x08008ae5   Thumb Code    24  stm32f4xx_hal_cortex_1.o(i.HAL_SYSTICK_CLKSourceConfig)
    HAL_SYSTICK_Callback                     0x08008afd   Thumb Code     2  stm32f4xx_hal_cortex_1.o(i.HAL_SYSTICK_Callback)
    HAL_SYSTICK_Config                       0x08008aff   Thumb Code    40  stm32f4xx_hal_cortex_1.o(i.HAL_SYSTICK_Config)
    HAL_SYSTICK_IRQHandler                   0x08008b27   Thumb Code     8  stm32f4xx_hal_cortex_1.o(i.HAL_SYSTICK_IRQHandler)
    HAL_UART_Init                            0x08008b2f   Thumb Code    98  stm32f4xx_hal_uart_1.o(i.HAL_UART_Init)
    HAL_UART_MspInit                         0x08008b91   Thumb Code   108  stm32f4xx_hal_msp.o(i.HAL_UART_MspInit)
    LED_Initialize                           0x08008c0d   Thumb Code    64  led_nucleo_f401re.o(i.LED_Initialize)
    LED_Off                                  0x08008c55   Thumb Code    20  led_nucleo_f401re.o(i.LED_Off)
    LED_On                                   0x08008c71   Thumb Code    18  led_nucleo_f401re.o(i.LED_On)
    SysTick_Handler                          0x08008d3d   Thumb Code    14  stm32f4xx_it.o(i.SysTick_Handler)
    SystemClock_Config                       0x08008d4d   Thumb Code   152  main.o(i.SystemClock_Config)
    SystemInit                               0x08008ded   Thumb Code    66  system_stm32f4xx_1.o(i.SystemInit)
    __scatterload_copy                       0x080090ed   Thumb Code    14  handlers.o(i.__scatterload_copy)
    __scatterload_null                       0x080090fb   Thumb Code     2  handlers.o(i.__scatterload_null)
    __scatterload_zeroinit                   0x080090fd   Thumb Code    14  handlers.o(i.__scatterload_zeroinit)
    delay                                    0x0800910d   Thumb Code    12  main.o(i.delay)
    main                                     0x0800911d   Thumb Code   120  main.o(i.main)
    AHBPrescTable                            0x080091a8   Data          16  system_stm32f4xx_1.o(.constdata)
    APBPrescTable                            0x080091b8   Data           8  system_stm32f4xx_1.o(.constdata)
    led_mask                                 0x080091c0   Data           4  led_nucleo_f401re.o(.constdata)
    Region$$Table$$Base                      0x080091c4   Number         0  anon$$obj.o(Region$$Table)
    Region$$Table$$Limit                     0x080091e4   Number         0  anon$$obj.o(Region$$Table)
    hcrc                                     0x20000000   Data           8  main.o(.data)
    uwTickFreq                               0x20000008   Data           1  stm32f4xx_hal_1.o(.data)
    uwTickPrio                               0x2000000c   Data           4  stm32f4xx_hal_1.o(.data)
    uwTick                                   0x20000010   Data           4  stm32f4xx_hal_1.o(.data)
    SystemCoreClock                          0x20000014   Data           4  system_stm32f4xx_1.o(.data)
    huart1                                   0x20000018   Data          64  main.o(.bss)
    huart2                                   0x20000058   Data          64  main.o(.bss)
    __initial_sp                             0x20000498   Data           0  startup_stm32f401xe.o(STACK)



==============================================================================

Memory Map of the image

  Image Entry point : 0x08008195

  Load Region LR_IROM1 (Base: 0x08008000, Size: 0x000011fc, Max: 0x00080000, ABSOLUTE)

    Execution Region ER_IROM1 (Exec base: 0x08008000, Load base: 0x08008000, Size: 0x000011e4, Max: 0x00080000, ABSOLUTE)

    Exec Addr    Load Addr    Size         Type   Attr      Idx    E Section Name        Object

    0x08008000   0x08008000   0x00000194   Data   RO            3    RESET               startup_stm32f401xe.o
    0x08008194   0x08008194   0x00000000   Code   RO         1889  * .ARM.Collect$$$$00000000  mc_w.l(entry.o)
    0x08008194   0x08008194   0x00000004   Code   RO         1894    .ARM.Collect$$$$00000001  mc_w.l(entry2.o)
    0x08008198   0x08008198   0x00000004   Code   RO         1897    .ARM.Collect$$$$00000004  mc_w.l(entry5.o)
    0x0800819c   0x0800819c   0x00000000   Code   RO         1899    .ARM.Collect$$$$00000008  mc_w.l(entry7b.o)
    0x0800819c   0x0800819c   0x00000000   Code   RO         1901    .ARM.Collect$$$$0000000A  mc_w.l(entry8b.o)
    0x0800819c   0x0800819c   0x00000008   Code   RO         1902    .ARM.Collect$$$$0000000B  mc_w.l(entry9a.o)
    0x080081a4   0x080081a4   0x00000000   Code   RO         1904    .ARM.Collect$$$$0000000D  mc_w.l(entry10a.o)
    0x080081a4   0x080081a4   0x00000000   Code   RO         1906    .ARM.Collect$$$$0000000F  mc_w.l(entry11a.o)
    0x080081a4   0x080081a4   0x00000004   Code   RO         1895    .ARM.Collect$$$$00002712  mc_w.l(entry2.o)
    0x080081a8   0x080081a8   0x00000024   Code   RO            4    .text               startup_stm32f401xe.o
    0x080081cc   0x080081cc   0x00000062   Code   RO         1892    .text               mc_w.l(uldiv.o)
    0x0800822e   0x0800822e   0x0000001e   Code   RO         1908    .text               mc_w.l(llshl.o)
    0x0800824c   0x0800824c   0x00000020   Code   RO         1910    .text               mc_w.l(llushr.o)
    0x0800826c   0x0800826c   0x00000024   Code   RO         1912    .text               mc_w.l(init.o)
    0x08008290   0x08008290   0x00000026   Code   RO          239    i.HAL_CRC_Init      stm32f4xx_hal_crc.o
    0x080082b6   0x080082b6   0x00000002   PAD
    0x080082b8   0x080082b8   0x00000028   Code   RO          188    i.HAL_CRC_MspInit   stm32f4xx_hal_msp.o
    0x080082e0   0x080082e0   0x00000188   Code   RO         1036    i.HAL_GPIO_Init     stm32f4xx_hal_gpio_1.o
    0x08008468   0x08008468   0x0000000a   Code   RO         1040    i.HAL_GPIO_WritePin  stm32f4xx_hal_gpio_1.o
    0x08008472   0x08008472   0x00000002   PAD
    0x08008474   0x08008474   0x0000000c   Code   RO         1592    i.HAL_GetTick       stm32f4xx_hal_1.o
    0x08008480   0x08008480   0x00000010   Code   RO         1596    i.HAL_IncTick       stm32f4xx_hal_1.o
    0x08008490   0x08008490   0x00000034   Code   RO         1597    i.HAL_Init          stm32f4xx_hal_1.o
    0x080084c4   0x080084c4   0x00000040   Code   RO         1598    i.HAL_InitTick      stm32f4xx_hal_1.o
    0x08008504   0x08008504   0x00000084   Code   RO          189    i.HAL_MspInit       stm32f4xx_hal_msp.o
    0x08008588   0x08008588   0x00000040   Code   RO         1455    i.HAL_NVIC_SetPriority  stm32f4xx_hal_cortex_1.o
    0x080085c8   0x080085c8   0x00000024   Code   RO         1456    i.HAL_NVIC_SetPriorityGrouping  stm32f4xx_hal_cortex_1.o
    0x080085ec   0x080085ec   0x00000130   Code   RO          658    i.HAL_RCC_ClockConfig  stm32f4xx_hal_rcc_1.o
    0x0800871c   0x0800871c   0x0000000c   Code   RO          663    i.HAL_RCC_GetHCLKFreq  stm32f4xx_hal_rcc_1.o
    0x08008728   0x08008728   0x00000020   Code   RO          665    i.HAL_RCC_GetPCLK1Freq  stm32f4xx_hal_rcc_1.o
    0x08008748   0x08008748   0x00000020   Code   RO          666    i.HAL_RCC_GetPCLK2Freq  stm32f4xx_hal_rcc_1.o
    0x08008768   0x08008768   0x00000060   Code   RO          667    i.HAL_RCC_GetSysClockFreq  stm32f4xx_hal_rcc_1.o
    0x080087c8   0x080087c8   0x0000031c   Code   RO          670    i.HAL_RCC_OscConfig  stm32f4xx_hal_rcc_1.o
    0x08008ae4   0x08008ae4   0x00000018   Code   RO         1458    i.HAL_SYSTICK_CLKSourceConfig  stm32f4xx_hal_cortex_1.o
    0x08008afc   0x08008afc   0x00000002   Code   RO         1459    i.HAL_SYSTICK_Callback  stm32f4xx_hal_cortex_1.o
    0x08008afe   0x08008afe   0x00000028   Code   RO         1460    i.HAL_SYSTICK_Config  stm32f4xx_hal_cortex_1.o
    0x08008b26   0x08008b26   0x00000008   Code   RO         1461    i.HAL_SYSTICK_IRQHandler  stm32f4xx_hal_cortex_1.o
    0x08008b2e   0x08008b2e   0x00000062   Code   RO          356    i.HAL_UART_Init     stm32f4xx_hal_uart_1.o
    0x08008b90   0x08008b90   0x0000007c   Code   RO          191    i.HAL_UART_MspInit  stm32f4xx_hal_msp.o
    0x08008c0c   0x08008c0c   0x00000048   Code   RO         1834    i.LED_Initialize    led_nucleo_f401re.o
    0x08008c54   0x08008c54   0x0000001c   Code   RO         1835    i.LED_Off           led_nucleo_f401re.o
    0x08008c70   0x08008c70   0x0000001c   Code   RO         1836    i.LED_On            led_nucleo_f401re.o
    0x08008c8c   0x08008c8c   0x00000090   Code   RO           13    i.MX_GPIO_Init      main.o
    0x08008d1c   0x08008d1c   0x00000020   Code   RO         1462    i.NVIC_SetPriority  stm32f4xx_hal_cortex_1.o
    0x08008d3c   0x08008d3c   0x0000000e   Code   RO          160    i.SysTick_Handler   stm32f4xx_it.o
    0x08008d4a   0x08008d4a   0x00000002   PAD
    0x08008d4c   0x08008d4c   0x000000a0   Code   RO           14    i.SystemClock_Config  main.o
    0x08008dec   0x08008dec   0x00000054   Code   RO         1751    i.SystemInit        system_stm32f4xx_1.o
    0x08008e40   0x08008e40   0x000002ac   Code   RO          382    i.UART_SetConfig    stm32f4xx_hal_uart_1.o
    0x080090ec   0x080090ec   0x0000000e   Code   RO         1916    i.__scatterload_copy  mc_w.l(handlers.o)
    0x080090fa   0x080090fa   0x00000002   Code   RO         1917    i.__scatterload_null  mc_w.l(handlers.o)
    0x080090fc   0x080090fc   0x0000000e   Code   RO         1918    i.__scatterload_zeroinit  mc_w.l(handlers.o)
    0x0800910a   0x0800910a   0x00000002   PAD
    0x0800910c   0x0800910c   0x00000010   Code   RO           16    i.delay             main.o
    0x0800911c   0x0800911c   0x0000008c   Code   RO           17    i.main              main.o
    0x080091a8   0x080091a8   0x00000010   Data   RO         1752    .constdata          system_stm32f4xx_1.o
    0x080091b8   0x080091b8   0x00000008   Data   RO         1753    .constdata          system_stm32f4xx_1.o
    0x080091c0   0x080091c0   0x00000004   Data   RO         1839    .constdata          led_nucleo_f401re.o
    0x080091c4   0x080091c4   0x00000020   Data   RO         1914    Region$$Table       anon$$obj.o


    Execution Region RW_IRAM1 (Exec base: 0x20000000, Load base: 0x080091e4, Size: 0x00000498, Max: 0x00018000, ABSOLUTE)

    Exec Addr    Load Addr    Size         Type   Attr      Idx    E Section Name        Object

    0x20000000   0x080091e4   0x00000008   Data   RW           19    .data               main.o
    0x20000008   0x080091ec   0x0000000c   Data   RW         1604    .data               stm32f4xx_hal_1.o
    0x20000014   0x080091f8   0x00000004   Data   RW         1754    .data               system_stm32f4xx_1.o
    0x20000018        -       0x00000080   Zero   RW           18    .bss                main.o
    0x20000098        -       0x00000400   Zero   RW            1    STACK               startup_stm32f401xe.o


==============================================================================

Image component sizes


      Code (inc. data)   RO Data    RW Data    ZI Data      Debug   Object Name

       128         26          4          0          0       2621   led_nucleo_f401re.o
       460         48          0          8        128     386128   main.o
        36          8        404          0       1024        880   startup_stm32f401xe.o
       144         24          0         12          0       4213   stm32f4xx_hal_1.o
       206         14          0          0          0      31840   stm32f4xx_hal_cortex_1.o
        38          0          0          0          0       1143   stm32f4xx_hal_crc.o
       402         34          0          0          0       2540   stm32f4xx_hal_gpio_1.o
       296         32          0          0          0       2419   stm32f4xx_hal_msp.o
      1272         82          0          0          0       5952   stm32f4xx_hal_rcc_1.o
       782          8          0          0          0       2188   stm32f4xx_hal_uart_1.o
        14          0          0          0          0        542   stm32f4xx_it.o
        84         18         24          4          0       1299   system_stm32f4xx_1.o

    ----------------------------------------------------------------------
      3868        294        464         24       1152     441765   Object Totals
         0          0         32          0          0          0   (incl. Generated)
         6          0          0          0          0          0   (incl. Padding)

    ----------------------------------------------------------------------

      Code (inc. data)   RO Data    RW Data    ZI Data      Debug   Library Member Name

         0          0          0          0          0          0   entry.o
         0          0          0          0          0          0   entry10a.o
         0          0          0          0          0          0   entry11a.o
         8          4          0          0          0          0   entry2.o
         4          0          0          0          0          0   entry5.o
         0          0          0          0          0          0   entry7b.o
         0          0          0          0          0          0   entry8b.o
         8          4          0          0          0          0   entry9a.o
        30          0          0          0          0          0   handlers.o
        36          8          0          0          0         68   init.o
        30          0          0          0          0         68   llshl.o
        32          0          0          0          0         68   llushr.o
        98          0          0          0          0         92   uldiv.o

    ----------------------------------------------------------------------
       248         16          0          0          0        296   Library Totals
         2          0          0          0          0          0   (incl. Padding)

    ----------------------------------------------------------------------

      Code (inc. data)   RO Data    RW Data    ZI Data      Debug   Library Name

       246         16          0          0          0        296   mc_w.l

    ----------------------------------------------------------------------
       248         16          0          0          0        296   Library Totals

    ----------------------------------------------------------------------

==============================================================================


      Code (inc. data)   RO Data    RW Data    ZI Data      Debug   

      4116        310        464         24       1152     439513   Grand Totals
      4116        310        464         24       1152     439513   ELF Image Totals
      4116        310        464         24          0          0   ROM Totals

==============================================================================

    Total RO  Size (Code + RO Data)                 4580 (   4.47kB)
    Total RW  Size (RW Data + ZI Data)              1176 (   1.15kB)
    Total ROM Size (Code + RO Data + RW Data)       4604 (   4.50kB)

==============================================================================

